Archive member included to satisfy reference by file (symbol)

/usr/lib/gcc/arm-none-eabi/9.2.1/../../../arm-none-eabi/lib/thumb/v7-m/nofp/libc_nano.a(lib_a-atexit.o)
                              /usr/lib/gcc/arm-none-eabi/9.2.1/../../../arm-none-eabi/lib/thumb/v7-m/nofp/crt0.o (atexit)
/usr/lib/gcc/arm-none-eabi/9.2.1/../../../arm-none-eabi/lib/thumb/v7-m/nofp/libc_nano.a(lib_a-exit.o)
                              /usr/lib/gcc/arm-none-eabi/9.2.1/../../../arm-none-eabi/lib/thumb/v7-m/nofp/crt0.o (exit)
/usr/lib/gcc/arm-none-eabi/9.2.1/../../../arm-none-eabi/lib/thumb/v7-m/nofp/libc_nano.a(lib_a-fini.o)
                              /usr/lib/gcc/arm-none-eabi/9.2.1/../../../arm-none-eabi/lib/thumb/v7-m/nofp/crt0.o (__libc_fini_array)
/usr/lib/gcc/arm-none-eabi/9.2.1/../../../arm-none-eabi/lib/thumb/v7-m/nofp/libc_nano.a(lib_a-impure.o)
                              /usr/lib/gcc/arm-none-eabi/9.2.1/../../../arm-none-eabi/lib/thumb/v7-m/nofp/libc_nano.a(lib_a-exit.o) (_global_impure_ptr)
/usr/lib/gcc/arm-none-eabi/9.2.1/../../../arm-none-eabi/lib/thumb/v7-m/nofp/libc_nano.a(lib_a-init.o)
                              /usr/lib/gcc/arm-none-eabi/9.2.1/../../../arm-none-eabi/lib/thumb/v7-m/nofp/crt0.o (__libc_init_array)
/usr/lib/gcc/arm-none-eabi/9.2.1/../../../arm-none-eabi/lib/thumb/v7-m/nofp/libc_nano.a(lib_a-malloc.o)
                              build/linked_list.o (malloc)
/usr/lib/gcc/arm-none-eabi/9.2.1/../../../arm-none-eabi/lib/thumb/v7-m/nofp/libc_nano.a(lib_a-memcpy.o)
                              build/fingerprint.o (memcpy)
/usr/lib/gcc/arm-none-eabi/9.2.1/../../../arm-none-eabi/lib/thumb/v7-m/nofp/libc_nano.a(lib_a-memmove.o)
                              build/ssd1306_tests.o (memmove)
/usr/lib/gcc/arm-none-eabi/9.2.1/../../../arm-none-eabi/lib/thumb/v7-m/nofp/libc_nano.a(lib_a-memset.o)
                              /usr/lib/gcc/arm-none-eabi/9.2.1/../../../arm-none-eabi/lib/thumb/v7-m/nofp/crt0.o (memset)
/usr/lib/gcc/arm-none-eabi/9.2.1/../../../arm-none-eabi/lib/thumb/v7-m/nofp/libc_nano.a(lib_a-nano-freer.o)
                              /usr/lib/gcc/arm-none-eabi/9.2.1/../../../arm-none-eabi/lib/thumb/v7-m/nofp/libc_nano.a(lib_a-malloc.o) (_free_r)
/usr/lib/gcc/arm-none-eabi/9.2.1/../../../arm-none-eabi/lib/thumb/v7-m/nofp/libc_nano.a(lib_a-nano-mallocr.o)
                              /usr/lib/gcc/arm-none-eabi/9.2.1/../../../arm-none-eabi/lib/thumb/v7-m/nofp/libc_nano.a(lib_a-malloc.o) (_malloc_r)
/usr/lib/gcc/arm-none-eabi/9.2.1/../../../arm-none-eabi/lib/thumb/v7-m/nofp/libc_nano.a(lib_a-sbrkr.o)
                              /usr/lib/gcc/arm-none-eabi/9.2.1/../../../arm-none-eabi/lib/thumb/v7-m/nofp/libc_nano.a(lib_a-nano-mallocr.o) (_sbrk_r)
/usr/lib/gcc/arm-none-eabi/9.2.1/../../../arm-none-eabi/lib/thumb/v7-m/nofp/libc_nano.a(lib_a-snprintf.o)
                              build/finger_page.o (snprintf)
/usr/lib/gcc/arm-none-eabi/9.2.1/../../../arm-none-eabi/lib/thumb/v7-m/nofp/libc_nano.a(lib_a-sprintf.o)
                              build/layout_page.o (sprintf)
/usr/lib/gcc/arm-none-eabi/9.2.1/../../../arm-none-eabi/lib/thumb/v7-m/nofp/libc_nano.a(lib_a-strlen-stub.o)
                              build/flash.o (strlen)
/usr/lib/gcc/arm-none-eabi/9.2.1/../../../arm-none-eabi/lib/thumb/v7-m/nofp/libc_nano.a(lib_a-__atexit.o)
                              /usr/lib/gcc/arm-none-eabi/9.2.1/../../../arm-none-eabi/lib/thumb/v7-m/nofp/libc_nano.a(lib_a-atexit.o) (__register_exitproc)
/usr/lib/gcc/arm-none-eabi/9.2.1/../../../arm-none-eabi/lib/thumb/v7-m/nofp/libc_nano.a(lib_a-__call_atexit.o)
                              /usr/lib/gcc/arm-none-eabi/9.2.1/../../../arm-none-eabi/lib/thumb/v7-m/nofp/libc_nano.a(lib_a-__atexit.o) (__call_exitprocs)
/usr/lib/gcc/arm-none-eabi/9.2.1/../../../arm-none-eabi/lib/thumb/v7-m/nofp/libc_nano.a(lib_a-mlock.o)
                              /usr/lib/gcc/arm-none-eabi/9.2.1/../../../arm-none-eabi/lib/thumb/v7-m/nofp/libc_nano.a(lib_a-nano-freer.o) (__malloc_lock)
/usr/lib/gcc/arm-none-eabi/9.2.1/../../../arm-none-eabi/lib/thumb/v7-m/nofp/libc_nano.a(lib_a-nano-svfprintf.o)
                              /usr/lib/gcc/arm-none-eabi/9.2.1/../../../arm-none-eabi/lib/thumb/v7-m/nofp/libc_nano.a(lib_a-snprintf.o) (_svfprintf_r)
/usr/lib/gcc/arm-none-eabi/9.2.1/../../../arm-none-eabi/lib/thumb/v7-m/nofp/libc_nano.a(lib_a-nano-vfprintf_i.o)
                              /usr/lib/gcc/arm-none-eabi/9.2.1/../../../arm-none-eabi/lib/thumb/v7-m/nofp/libc_nano.a(lib_a-nano-svfprintf.o) (_printf_i)
/usr/lib/gcc/arm-none-eabi/9.2.1/../../../arm-none-eabi/lib/thumb/v7-m/nofp/libc_nano.a(lib_a-reent.o)
                              /usr/lib/gcc/arm-none-eabi/9.2.1/../../../arm-none-eabi/lib/thumb/v7-m/nofp/libc_nano.a(lib_a-sbrkr.o) (errno)
/usr/lib/gcc/arm-none-eabi/9.2.1/../../../arm-none-eabi/lib/thumb/v7-m/nofp/libc_nano.a(lib_a-memchr-stub.o)
[...]
Memory Configuration

Name             Origin             Length             Attributes
RAM              0x0000000020000000 0x0000000000010000 xrw
FLASH            0x0000000008000000 0x0000000000080000 xr
*default*        0x0000000000000000 0xffffffffffffffff

Linker script and memory map

LOAD /usr/lib/gcc/arm-none-eabi/9.2.1/thumb/v7-m/nofp/crti.o
LOAD /usr/lib/gcc/arm-none-eabi/9.2.1/thumb/v7-m/nofp/crtbegin.o
LOAD /usr/lib/gcc/arm-none-eabi/9.2.1/../../../arm-none-eabi/lib/thumb/v7-m/nofp/crt0.o
LOAD build/main.o
LOAD build/fingerprint.o
LOAD build/flash.o
LOAD build/freertos.o
LOAD build/keyInterface.o
LOAD build/linked_list.o
LOAD build/RGB.o
LOAD build/volume.o
LOAD build/stm32f1xx_it.o
LOAD build/stm32f1xx_hal_msp.o
LOAD build/stm32f1xx_hal_timebase_tim.o
LOAD build/finger_page.o
LOAD build/layout_page.o
LOAD build/led_mode_page.o
LOAD build/led_page.o
LOAD build/marco_page.o
LOAD build/oled_manager.o
LOAD build/ssd1306_fonts.o
LOAD build/ssd1306_tests.o
LOAD build/ssd1306.o
LOAD build/status_page.o
LOAD build/usb_device.o
LOAD build/usbd_desc.o
LOAD build/usbd_conf.o
LOAD build/stm32f1xx_hal_gpio_ex.o
LOAD build/stm32f1xx_hal_pcd.o
LOAD build/stm32f1xx_hal_pcd_ex.o
LOAD build/stm32f1xx_ll_usb.o
LOAD build/stm32f1xx_hal.o
LOAD build/stm32f1xx_hal_rcc.o
LOAD build/stm32f1xx_hal_rcc_ex.o
LOAD build/stm32f1xx_hal_gpio.o
LOAD build/stm32f1xx_hal_dma.o
LOAD build/stm32f1xx_hal_cortex.o
LOAD build/stm32f1xx_hal_pwr.o
LOAD build/stm32f1xx_hal_flash.o
LOAD build/stm32f1xx_hal_flash_ex.o
LOAD build/stm32f1xx_hal_adc.o
LOAD build/stm32f1xx_hal_adc_ex.o
LOAD build/stm32f1xx_hal_i2c.o
LOAD build/stm32f1xx_hal_tim.o
LOAD build/stm32f1xx_hal_tim_ex.o
LOAD build/stm32f1xx_hal_uart.o
LOAD build/system_stm32f1xx.o
LOAD build/croutine.o
LOAD build/event_groups.o
LOAD build/list.o
LOAD build/queue.o
LOAD build/tasks.o
LOAD build/timers.o
LOAD build/cmsis_os.o
LOAD build/heap_4.o
LOAD build/port.o
LOAD build/usbd_core.o
LOAD build/usbd_ctlreq.o
LOAD build/usbd_ioreq.o
LOAD build/usbd_hid.o
LOAD build/startup_stm32f103xe.o
LOAD /usr/lib/gcc/arm-none-eabi/9.2.1/../../../arm-none-eabi/lib/thumb/v7-m/nofp/libc_nano.a
LOAD /usr/lib/gcc/arm-none-eabi/9.2.1/../../../arm-none-eabi/lib/thumb/v7-m/nofp/libm.a
LOAD /usr/lib/gcc/arm-none-eabi/9.2.1/../../../arm-none-eabi/lib/thumb/v7-m/nofp/libnosys.a
START GROUP
LOAD /usr/lib/gcc/arm-none-eabi/9.2.1/thumb/v7-m/nofp/libgcc.a
LOAD /usr/lib/gcc/arm-none-eabi/9.2.1/../../../arm-none-eabi/lib/thumb/v7-m/nofp/libc_nano.a
END GROUP
START GROUP
LOAD /usr/lib/gcc/arm-none-eabi/9.2.1/thumb/v7-m/nofp/libgcc.a
LOAD /usr/lib/gcc/arm-none-eabi/9.2.1/../../../arm-none-eabi/lib/thumb/v7-m/nofp/libc_nano.a
END GROUP
LOAD /usr/lib/gcc/arm-none-eabi/9.2.1/thumb/v7-m/nofp/crtend.o
LOAD /usr/lib/gcc/arm-none-eabi/9.2.1/thumb/v7-m/nofp/crtn.o
                0x0000000020010000                _estack = 0x20010000
                0x0000000000000200                _Min_Heap_Size = 0x200
                0x0000000000000400                _Min_Stack_Size = 0x400

.isr_vector     0x0000000008000000      0x1e4
                0x0000000008000000                . = ALIGN (0x4)
 *(.isr_vector)
 .isr_vector    0x0000000008000000      0x1e4 build/startup_stm32f103xe.o
                0x0000000008000000                g_pfnVectors
                0x00000000080001e4                . = ALIGN (0x4)

.text           0x00000000080001f0     0x9bc0
                0x00000000080001f0                . = ALIGN (0x4)
 *(.text)
 .text          0x00000000080001f0       0x88 /usr/lib/gcc/arm-none-eabi/9.2.1/thumb/v7-m/nofp/crtbegin.o
 .text          0x0000000008000278       0x48 /usr/lib/gcc/arm-none-eabi/9.2.1/../../../arm-none-eabi/lib/thumb/v7-m/nofp/libc_nano.a(lib_a-init.o)
                0x0000000008000278                __libc_init_array
 .text          0x00000000080002c0       0x20 /usr/lib/gcc/arm-none-eabi/9.2.1/../../../arm-none-eabi/lib/thumb/v7-m/nofp/libc_nano.a(lib_a-malloc.o)
                0x00000000080002c0                malloc
                0x00000000080002d0                free
 .text          0x00000000080002e0       0xec /usr/lib/gcc/arm-none-eabi/9.2.1/../../../arm-none-eabi/lib/thumb/v7-m/nofp/libc_nano.a(lib_a-memcpy.o)
                0x00000000080002e0                memcpy
 .text          0x00000000080003cc       0xcc /usr/lib/gcc/arm-none-eabi/9.2.1/../../../arm-none-eabi/lib/thumb/v7-m/nofp/libc_nano.a(lib_a-memmove.o)
                0x00000000080003cc                memmove
 .text          0x0000000008000498       0xa0 /usr/lib/gcc/arm-none-eabi/9.2.1/../../../arm-none-eabi/lib/thumb/v7-m/nofp/libc_nano.a(lib_a-memset.o)
                0x0000000008000498                memset
 .text          0x0000000008000538       0xa8 /usr/lib/gcc/arm-none-eabi/9.2.1/../../../arm-none-eabi/lib/thumb/v7-m/nofp/libc_nano.a(lib_a-nano-freer.o)
                0x0000000008000538                _free_r
 .text          0x00000000080005e0       0xc8 /usr/lib/gcc/arm-none-eabi/9.2.1/../../../arm-none-eabi/lib/thumb/v7-m/nofp/libc_nano.a(lib_a-nano-mallocr.o)
                0x00000000080005e0                _malloc_r
 .text          0x00000000080006a8       0x24 /usr/lib/gcc/arm-none-eabi/9.2.1/../../../arm-none-eabi/lib/thumb/v7-m/nofp/libc_nano.a(lib_a-sbrkr.o)
                0x00000000080006a8                _sbrk_r
 .text          0x00000000080006cc      0x108 /usr/lib/gcc/arm-none-eabi/9.2.1/../../../arm-none-eabi/lib/thumb/v7-m/nofp/libc_nano.a(lib_a-snprintf.o)
                0x00000000080006cc                _sniprintf_r
                0x00000000080006cc                _snprintf_r
                0x000000000800074c                snprintf
                0x000000000800074c                sniprintf
 .text          0x00000000080007d4       0x5c /usr/lib/gcc/arm-none-eabi/9.2.1/../../../arm-none-eabi/lib/thumb/v7-m/nofp/libc_nano.a(lib_a-strlen-stub.o)
                0x00000000080007d4                strlen
 .text          0x0000000008000830        0x8 /usr/lib/gcc/arm-none-eabi/9.2.1/../../../arm-none-eabi/lib/thumb/v7-m/nofp/libc_nano.a(lib_a-mlock.o)
                0x0000000008000830                __malloc_lock
                0x0000000008000834                __malloc_unlock
 .text          0x0000000008000838      0x434 /usr/lib/gcc/arm-none-eabi/9.2.1/../../../arm-none-eabi/lib/thumb/v7-m/nofp/libc_nano.a(lib_a-nano-svfprintf.o)
                0x0000000008000838                __ssputs_r
                0x00000000080008fc                __ssprint_r
                0x00000000080009f4                _svfprintf_r
                0x00000000080009f4                _svfiprintf_r
 .text          0x0000000008000c6c      0x3bc /usr/lib/gcc/arm-none-eabi/9.2.1/../../../arm-none-eabi/lib/thumb/v7-m/nofp/libc_nano.a(lib_a-nano-vfprintf_i.o)
                0x0000000008000c6c                _printf_common
                0x0000000008000d94                _printf_i
 .text          0x0000000008001028       0x8c /usr/lib/gcc/arm-none-eabi/9.2.1/../../../arm-none-eabi/lib/thumb/v7-m/nofp/libc_nano.a(lib_a-memchr-stub.o)
                0x0000000008001028                memchr
 .text          0x00000000080010b4       0x4c /usr/lib/gcc/arm-none-eabi/9.2.1/../../../arm-none-eabi/lib/thumb/v7-m/nofp/libc_nano.a(lib_a-nano-reallocr.o)
                0x00000000080010b4                _realloc_r
 .text          0x0000000008001100       0x10 /usr/lib/gcc/arm-none-eabi/9.2.1/../../../arm-none-eabi/lib/thumb/v7-m/nofp/libc_nano.a(lib_a-nano-msizer.o)
                0x0000000008001100                _malloc_usable_size_r
 .text          0x0000000008001110      0x108 /usr/lib/gcc/arm-none-eabi/9.2.1/../../../arm-none-eabi/lib/thumb/v7-m/nofp/libm.a(lib_a-s_ceil.o)
                0x0000000008001110                ceil
 .text          0x0000000008001218       0x1c /usr/lib/gcc/arm-none-eabi/9.2.1/../../../arm-none-eabi/lib/thumb/v7-m/nofp/libnosys.a(sbrk.o)
                0x0000000008001218                _sbrk
 .text          0x0000000008001234      0x378 /usr/lib/gcc/arm-none-eabi/9.2.1/thumb/v7-m/nofp/libgcc.a(_arm_addsubdf3.o)
                0x0000000008001234                __aeabi_drsub
                0x000000000800123c                __aeabi_dsub
                0x000000000800123c                __subdf3
                0x0000000008001240                __adddf3
                0x0000000008001240                __aeabi_dadd
                0x00000000080014b8                __aeabi_ui2d
                0x00000000080014b8                __floatunsidf
                0x00000000080014d8                __floatsidf
                0x00000000080014d8                __aeabi_i2d
                0x00000000080014fc                __extendsfdf2
                0x00000000080014fc                __aeabi_f2d
                0x0000000008001540                __aeabi_ul2d
                0x0000000008001540                __floatundidf
                0x0000000008001550                __floatdidf
                0x0000000008001550                __aeabi_l2d
 .text          0x00000000080015ac      0x110 /usr/lib/gcc/arm-none-eabi/9.2.1/thumb/v7-m/nofp/libgcc.a(_arm_cmpdf2.o)
                0x00000000080015ac                __gtdf2
                0x00000000080015ac                __gedf2
                0x00000000080015b4                __ltdf2
                0x00000000080015b4                __ledf2
                0x00000000080015bc                __cmpdf2
                0x00000000080015bc                __eqdf2
                0x00000000080015bc                __nedf2
                0x0000000008001638                __aeabi_cdrcmple
                0x0000000008001648                __aeabi_cdcmple
                0x0000000008001648                __aeabi_cdcmpeq
                0x0000000008001658                __aeabi_dcmpeq
                0x000000000800166c                __aeabi_dcmplt
                0x0000000008001680                __aeabi_dcmple
                0x0000000008001694                __aeabi_dcmpge
                0x00000000080016a8                __aeabi_dcmpgt
 .text          0x00000000080016bc      0x21c /usr/lib/gcc/arm-none-eabi/9.2.1/thumb/v7-m/nofp/libgcc.a(_arm_addsubsf3.o)
                0x00000000080016bc                __aeabi_frsub
                0x00000000080016c4                __subsf3
                0x00000000080016c4                __aeabi_fsub
                0x00000000080016c8                __aeabi_fadd
                0x00000000080016c8                __addsf3
                0x0000000008001828                __aeabi_ui2f
                0x0000000008001828                __floatunsisf
                0x0000000008001830                __aeabi_i2f
                0x0000000008001830                __floatsisf
                0x000000000800184c                __floatundisf
                0x000000000800184c                __aeabi_ul2f
                0x000000000800185c                __floatdisf
                0x000000000800185c                __aeabi_l2f
 .text          0x00000000080018d8      0x2a0 /usr/lib/gcc/arm-none-eabi/9.2.1/thumb/v7-m/nofp/libgcc.a(_arm_muldivsf3.o)
                0x00000000080018d8                __mulsf3
                0x00000000080018d8                __aeabi_fmul
                0x0000000008001a40                __divsf3
                0x0000000008001a40                __aeabi_fdiv
 *(.text*)
 .text.MX_GPIO_Init
                0x0000000008001b78      0x190 build/main.o
 .text.MX_DMA_Init
                0x0000000008001d08       0x34 build/main.o
 .text.MX_ADC1_Init
                0x0000000008001d3c       0x48 build/main.o
 .text.MX_TIM1_Init
                0x0000000008001d84       0xb0 build/main.o
 .text.MX_I2C1_Init
                0x0000000008001e34       0x34 build/main.o
 .text.MX_UART4_Init
                0x0000000008001e68       0x2c build/main.o
 .text.MX_USART1_UART_Init
                0x0000000008001e94       0x2c build/main.o
 .text.MX_TIM2_Init
                0x0000000008001ec0       0x54 build/main.o
 .text.StartUSBTask
                0x0000000008001f14       0x1c build/main.o
                0x0000000008001f14                StartUSBTask
 .text.StartDebugTask02
                0x0000000008001f30       0xa8 build/main.o
                0x0000000008001f30                StartDebugTask02
 .text.StartRGBTask
                0x0000000008001fd8        0xa build/main.o
                0x0000000008001fd8                StartRGBTask
 .text.SystemClock_Config
                0x0000000008001fe2       0x70 build/main.o
                0x0000000008001fe2                SystemClock_Config
 *fill*         0x0000000008002052        0x2 
 .text.main     0x0000000008002054       0xb0 build/main.o
                0x0000000008002054                main
 .text.HAL_GPIO_EXTI_Callback
                0x0000000008002104       0x64 build/main.o
                0x0000000008002104                HAL_GPIO_EXTI_Callback
 .text.HAL_TIM_PeriodElapsedCallback
                0x0000000008002168       0x18 build/main.o
                0x0000000008002168                HAL_TIM_PeriodElapsedCallback
 .text.Error_Handler
                0x0000000008002180        0x2 build/main.o
                0x0000000008002180                Error_Handler
 *fill*         0x0000000008002182        0x2 
 .text.setup_packet
                0x0000000008002184       0x40 build/fingerprint.o
                0x0000000008002184                setup_packet
 .text.setup_received
                0x00000000080021c4       0x58 build/fingerprint.o
                0x00000000080021c4                setup_received
 .text.send     0x000000000800221c       0xe8 build/fingerprint.o
                0x000000000800221c                send
 .text.receive  0x0000000008002304       0x48 build/fingerprint.o
                0x0000000008002304                receive
 .text.save_fingerprint
                0x000000000800234c       0xd8 build/fingerprint.o
                0x000000000800234c                save_fingerprint
 .text.check_fingerprint
                0x0000000008002424       0x90 build/fingerprint.o
                0x0000000008002424                check_fingerprint
 .text.led_mode
                0x00000000080024b4       0x2a build/fingerprint.o
                0x00000000080024b4                led_mode
 *fill*         0x00000000080024de        0x2 
 .text.get_template_number
                0x00000000080024e0       0x30 build/fingerprint.o
                0x00000000080024e0                get_template_number
 .text.reset_database
                0x0000000008002510       0x1e build/fingerprint.o
                0x0000000008002510                reset_database
 .text.GetPage  0x000000000800252e       0x28 build/flash.o
 *fill*         0x0000000008002556        0x2 
 .text.Flash_Write_Data
                0x0000000008002558       0x74 build/flash.o
                0x0000000008002558                Flash_Write_Data
 .text.Flash_Read_Data
                0x00000000080025cc       0x14 build/flash.o
                0x00000000080025cc                Flash_Read_Data
 .text.Str_To_uint32
                0x00000000080025e0       0x6a build/flash.o
                0x00000000080025e0                Str_To_uint32
 *fill*         0x000000000800264a        0x2 
 .text.keyInterfaceInit
                0x000000000800264c       0x24 build/keyInterface.o
                0x000000000800264c                keyInterfaceInit
 .text.getKeyAsciiByRC
                0x0000000008002670       0xc2 build/keyInterface.o
                0x0000000008002670                getKeyAsciiByRC
 .text.getKeyIDByChar
                0x0000000008002732      0x3a4 build/keyInterface.o
                0x0000000008002732                getKeyIDByChar
 .text.getKeyIDByRC
                0x0000000008002ad6      0x102 build/keyInterface.o
                0x0000000008002ad6                getKeyIDByRC
 .text.readKey  0x0000000008002bd8      0x180 build/keyInterface.o
                0x0000000008002bd8                readKey
 .text.sendKey  0x0000000008002d58       0x88 build/keyInterface.o
                0x0000000008002d58                sendKey
 .text.sendPassword
                0x0000000008002de0       0x48 build/keyInterface.o
                0x0000000008002de0                sendPassword
 .text.keyThread
                0x0000000008002e28      0x204 build/keyInterface.o
                0x0000000008002e28                keyThread
 .text.create_node
                0x000000000800302c       0x14 build/linked_list.o
                0x000000000800302c                create_node
 .text.delete_node
                0x0000000008003040        0xc build/linked_list.o
                0x0000000008003040                delete_node
 .text.delete_all
                0x000000000800304c       0x20 build/linked_list.o
                0x000000000800304c                delete_all
 .text.WS2812_init
                0x000000000800306c       0x14 build/RGB.o
                0x000000000800306c                WS2812_init
 .text.WS2812_LED_SetBrightness
                0x0000000008003080        0x6 build/RGB.o
                0x0000000008003080                WS2812_LED_SetBrightness
 .text.WS2812_LED_Set
                0x0000000008003086       0x3a build/RGB.o
                0x0000000008003086                WS2812_LED_Set
 .text.WS2812_LED_SetRGB
                0x00000000080030c0       0x18 build/RGB.o
                0x00000000080030c0                WS2812_LED_SetRGB
 .text.WS2812_LED_ClearRGB
                0x00000000080030d8       0x1e build/RGB.o
                0x00000000080030d8                WS2812_LED_ClearRGB
 *fill*         0x00000000080030f6        0x2 
 .text.HAL_TIM_PWM_PulseFinishedCallback
                0x00000000080030f8       0x1c build/RGB.o
                0x00000000080030f8                HAL_TIM_PWM_PulseFinishedCallback
 .text.WS2812_sendData
                0x0000000008003114       0x94 build/RGB.o
                0x0000000008003114                WS2812_sendData
 .text.WS2812_Disable
                0x00000000080031a8       0x18 build/RGB.o
                0x00000000080031a8                WS2812_Disable
 .text.WS2812_LED_Task
                0x00000000080031c0      0x194 build/RGB.o
                0x00000000080031c0                WS2812_LED_Task
 .text.HAL_TIM_IC_CaptureCallback
                0x0000000008003354       0x1c build/volume.o
                0x0000000008003354                HAL_TIM_IC_CaptureCallback
 .text.updateVolume
                0x0000000008003370       0x24 build/volume.o
                0x0000000008003370                updateVolume
 .text.NMI_Handler
                0x0000000008003394        0x2 build/stm32f1xx_it.o
                0x0000000008003394                NMI_Handler
 .text.HardFault_Handler
                0x0000000008003396        0x2 build/stm32f1xx_it.o
                0x0000000008003396                HardFault_Handler
 .text.MemManage_Handler
                0x0000000008003398        0x2 build/stm32f1xx_it.o
                0x0000000008003398                MemManage_Handler
 .text.BusFault_Handler
                0x000000000800339a        0x2 build/stm32f1xx_it.o
                0x000000000800339a                BusFault_Handler
 .text.UsageFault_Handler
                0x000000000800339c        0x2 build/stm32f1xx_it.o
                0x000000000800339c                UsageFault_Handler
 .text.DebugMon_Handler
                0x000000000800339e        0x2 build/stm32f1xx_it.o
                0x000000000800339e                DebugMon_Handler
 .text.EXTI0_IRQHandler
                0x00000000080033a0        0xa build/stm32f1xx_it.o
                0x00000000080033a0                EXTI0_IRQHandler
 .text.EXTI1_IRQHandler
                0x00000000080033aa        0xa build/stm32f1xx_it.o
                0x00000000080033aa                EXTI1_IRQHandler
 .text.EXTI2_IRQHandler
                0x00000000080033b4        0xa build/stm32f1xx_it.o
                0x00000000080033b4                EXTI2_IRQHandler
 .text.EXTI3_IRQHandler
                0x00000000080033be        0xa build/stm32f1xx_it.o
                0x00000000080033be                EXTI3_IRQHandler
 .text.DMA1_Channel2_IRQHandler
                0x00000000080033c8       0x10 build/stm32f1xx_it.o
                0x00000000080033c8                DMA1_Channel2_IRQHandler
 .text.USB_LP_CAN1_RX0_IRQHandler
                0x00000000080033d8       0x10 build/stm32f1xx_it.o
                0x00000000080033d8                USB_LP_CAN1_RX0_IRQHandler
 .text.TIM2_IRQHandler
                0x00000000080033e8       0x10 build/stm32f1xx_it.o
                0x00000000080033e8                TIM2_IRQHandler
 .text.EXTI15_10_IRQHandler
                0x00000000080033f8        0xc build/stm32f1xx_it.o
                0x00000000080033f8                EXTI15_10_IRQHandler
 .text.TIM6_IRQHandler
                0x0000000008003404       0x10 build/stm32f1xx_it.o
                0x0000000008003404                TIM6_IRQHandler
 .text.HAL_MspInit
                0x0000000008003414       0x54 build/stm32f1xx_hal_msp.o
                0x0000000008003414                HAL_MspInit
 .text.HAL_ADC_MspInit
                0x0000000008003468       0x60 build/stm32f1xx_hal_msp.o
                0x0000000008003468                HAL_ADC_MspInit
 .text.HAL_I2C_MspInit
                0x00000000080034c8       0x64 build/stm32f1xx_hal_msp.o
                0x00000000080034c8                HAL_I2C_MspInit
 .text.HAL_TIM_Base_MspInit
                0x000000000800352c       0x6c build/stm32f1xx_hal_msp.o
                0x000000000800352c                HAL_TIM_Base_MspInit
 .text.HAL_TIM_Encoder_MspInit
                0x0000000008003598       0x6c build/stm32f1xx_hal_msp.o
                0x0000000008003598                HAL_TIM_Encoder_MspInit
 .text.HAL_TIM_MspPostInit
                0x0000000008003604       0x64 build/stm32f1xx_hal_msp.o
                0x0000000008003604                HAL_TIM_MspPostInit
 .text.HAL_UART_MspInit
                0x0000000008003668       0xdc build/stm32f1xx_hal_msp.o
                0x0000000008003668                HAL_UART_MspInit
 .text.HAL_InitTick
                0x0000000008003744       0x7c build/stm32f1xx_hal_timebase_tim.o
                0x0000000008003744                HAL_InitTick
 .text.finger_update
                0x00000000080037c0       0xc0 build/finger_page.o
                0x00000000080037c0                finger_update
 .text.finger_onclick
                0x0000000008003880       0x4c build/finger_page.o
                0x0000000008003880                finger_onclick
 .text.led_mode_update
                0x00000000080038cc       0x90 build/led_mode_page.o
                0x00000000080038cc                led_mode_update
 .text.led_mode_onclick
                0x000000000800395c       0x20 build/led_mode_page.o
                0x000000000800395c                led_mode_onclick
 .text.led_init
                0x000000000800397c       0x78 build/led_page.o
                0x000000000800397c                led_init
 .text.led_update
                0x00000000080039f4       0xd0 build/led_page.o
                0x00000000080039f4                led_update
 .text.led_flash
                0x0000000008003ac4       0x64 build/led_page.o
                0x0000000008003ac4                led_flash
 .text.led_onclick
                0x0000000008003b28      0x110 build/led_page.o
                0x0000000008003b28                led_onclick
 .text.macro_init
                0x0000000008003c38       0xa0 build/marco_page.o
                0x0000000008003c38                macro_init
 .text.macro_update
                0x0000000008003cd8      0x190 build/marco_page.o
                0x0000000008003cd8                macro_update
 .text.macro_onclick
                0x0000000008003e68      0x178 build/marco_page.o
                0x0000000008003e68                macro_onclick
 .text.get_macro
                0x0000000008003fe0       0x28 build/marco_page.o
                0x0000000008003fe0                get_macro
 .text.oled_clear_title
                0x0000000008004008       0x20 build/oled_manager.o
                0x0000000008004008                oled_clear_title
 .text.oled_clear_menu
                0x0000000008004028       0x20 build/oled_manager.o
                0x0000000008004028                oled_clear_menu
 .text.oled_update_page
                0x0000000008004048       0x4c build/oled_manager.o
                0x0000000008004048                oled_update_page
 .text.oled_next_page
                0x0000000008004094       0x28 build/oled_manager.o
                0x0000000008004094                oled_next_page
 .text.oled_on_click_page
                0x00000000080040bc       0x2c build/oled_manager.o
                0x00000000080040bc                oled_on_click_page
 .text.oled_page_init
                0x00000000080040e8       0x24 build/oled_manager.o
                0x00000000080040e8                oled_page_init
 .text.oled_ui_init
                0x000000000800410c       0x2e build/oled_manager.o
                0x000000000800410c                oled_ui_init
 *fill*         0x000000000800413a        0x2 
 .text.ssd1306_WriteCommand
                0x000000000800413c       0x38 build/ssd1306.o
                0x000000000800413c                ssd1306_WriteCommand
 .text.ssd1306_WriteData
                0x0000000008004174       0x34 build/ssd1306.o
                0x0000000008004174                ssd1306_WriteData
 .text.ssd1306_Fill
                0x00000000080041a8       0x20 build/ssd1306.o
                0x00000000080041a8                ssd1306_Fill
 .text.ssd1306_UpdateScreen
                0x00000000080041c8       0x38 build/ssd1306.o
                0x00000000080041c8                ssd1306_UpdateScreen
 .text.ssd1306_DrawPixel
                0x0000000008004200       0x44 build/ssd1306.o
                0x0000000008004200                ssd1306_DrawPixel
 .text.ssd1306_WriteChar
                0x0000000008004244       0xb4 build/ssd1306.o
                0x0000000008004244                ssd1306_WriteChar
 .text.ssd1306_WriteString
                0x00000000080042f8       0x2e build/ssd1306.o
                0x00000000080042f8                ssd1306_WriteString
 *fill*         0x0000000008004326        0x2 
 .text.ssd1306_SetCursor
                0x0000000008004328        0xc build/ssd1306.o
                0x0000000008004328                ssd1306_SetCursor
 .text.ssd1306_Line
                0x0000000008004334       0x8e build/ssd1306.o
                0x0000000008004334                ssd1306_Line
 .text.ssd1306_SetContrast
                0x00000000080043c2       0x12 build/ssd1306.o
                0x00000000080043c2                ssd1306_SetContrast
 .text.ssd1306_SetDisplayOn
                0x00000000080043d4       0x20 build/ssd1306.o
                0x00000000080043d4                ssd1306_SetDisplayOn
 .text.ssd1306_Init
                0x00000000080043f4       0xc8 build/ssd1306.o
                0x00000000080043f4                ssd1306_Init
 .text.status_update
                0x00000000080044bc       0x98 build/status_page.o
                0x00000000080044bc                status_update
 .text.status_onclick
                0x0000000008004554       0x2c build/status_page.o
                0x0000000008004554                status_onclick
 .text.MX_USB_DEVICE_Init
                0x0000000008004580       0x40 build/usb_device.o
                0x0000000008004580                MX_USB_DEVICE_Init
 .text.USBD_FS_DeviceDescriptor
                0x00000000080045c0        0xc build/usbd_desc.o
                0x00000000080045c0                USBD_FS_DeviceDescriptor
 .text.USBD_FS_LangIDStrDescriptor
                0x00000000080045cc        0xc build/usbd_desc.o
                0x00000000080045cc                USBD_FS_LangIDStrDescriptor
 .text.IntToUnicode
                0x00000000080045d8       0x38 build/usbd_desc.o
 .text.Get_SerialNum
                0x0000000008004610       0x34 build/usbd_desc.o
 .text.USBD_FS_SerialStrDescriptor
                0x0000000008004644       0x14 build/usbd_desc.o
                0x0000000008004644                USBD_FS_SerialStrDescriptor
 .text.USBD_FS_ProductStrDescriptor
                0x0000000008004658       0x24 build/usbd_desc.o
                0x0000000008004658                USBD_FS_ProductStrDescriptor
 .text.USBD_FS_ManufacturerStrDescriptor
                0x000000000800467c       0x1c build/usbd_desc.o
                0x000000000800467c                USBD_FS_ManufacturerStrDescriptor
 .text.USBD_FS_ConfigStrDescriptor
                0x0000000008004698       0x24 build/usbd_desc.o
                0x0000000008004698                USBD_FS_ConfigStrDescriptor
 .text.USBD_FS_InterfaceStrDescriptor
                0x00000000080046bc       0x24 build/usbd_desc.o
                0x00000000080046bc                USBD_FS_InterfaceStrDescriptor
 .text.USBD_Get_USB_Status
                0x00000000080046e0       0x14 build/usbd_conf.o
 .text.HAL_PCD_MspInit
                0x00000000080046f4       0x40 build/usbd_conf.o
                0x00000000080046f4                HAL_PCD_MspInit
 .text.HAL_PCD_SetupStageCallback
                0x0000000008004734       0x10 build/usbd_conf.o
                0x0000000008004734                HAL_PCD_SetupStageCallback
 .text.HAL_PCD_DataOutStageCallback
                0x0000000008004744       0x14 build/usbd_conf.o
                0x0000000008004744                HAL_PCD_DataOutStageCallback
 .text.HAL_PCD_DataInStageCallback
                0x0000000008004758       0x12 build/usbd_conf.o
                0x0000000008004758                HAL_PCD_DataInStageCallback
 .text.HAL_PCD_SOFCallback
                0x000000000800476a        0xc build/usbd_conf.o
                0x000000000800476a                HAL_PCD_SOFCallback
 .text.HAL_PCD_ResetCallback
                0x0000000008004776       0x24 build/usbd_conf.o
                0x0000000008004776                HAL_PCD_ResetCallback
 *fill*         0x000000000800479a        0x2 
 .text.HAL_PCD_SuspendCallback
                0x000000000800479c       0x20 build/usbd_conf.o
                0x000000000800479c                HAL_PCD_SuspendCallback
 .text.HAL_PCD_ResumeCallback
                0x00000000080047bc        0xc build/usbd_conf.o
                0x00000000080047bc                HAL_PCD_ResumeCallback
 .text.USBD_LL_Init
                0x00000000080047c8       0x68 build/usbd_conf.o
                0x00000000080047c8                USBD_LL_Init
 .text.USBD_LL_Start
                0x0000000008004830       0x10 build/usbd_conf.o
                0x0000000008004830                USBD_LL_Start
 .text.USBD_LL_OpenEP
                0x0000000008004840       0x16 build/usbd_conf.o
                0x0000000008004840                USBD_LL_OpenEP
 .text.USBD_LL_CloseEP
                0x0000000008004856       0x10 build/usbd_conf.o
                0x0000000008004856                USBD_LL_CloseEP
 .text.USBD_LL_StallEP
                0x0000000008004866       0x10 build/usbd_conf.o
                0x0000000008004866                USBD_LL_StallEP
 .text.USBD_LL_ClearStallEP
                0x0000000008004876       0x10 build/usbd_conf.o
                0x0000000008004876                USBD_LL_ClearStallEP
 .text.USBD_LL_IsStallEP
                0x0000000008004886       0x26 build/usbd_conf.o
                0x0000000008004886                USBD_LL_IsStallEP
 .text.USBD_LL_SetUSBAddress
                0x00000000080048ac       0x10 build/usbd_conf.o
                0x00000000080048ac                USBD_LL_SetUSBAddress
 .text.USBD_LL_Transmit
                0x00000000080048bc       0x10 build/usbd_conf.o
                0x00000000080048bc                USBD_LL_Transmit
 .text.USBD_LL_PrepareReceive
                0x00000000080048cc       0x10 build/usbd_conf.o
                0x00000000080048cc                USBD_LL_PrepareReceive
 .text.USBD_static_malloc
                0x00000000080048dc        0x8 build/usbd_conf.o
                0x00000000080048dc                USBD_static_malloc
 .text.USBD_static_free
                0x00000000080048e4        0x2 build/usbd_conf.o
                0x00000000080048e4                USBD_static_free
 .text.HAL_PCDEx_SetConnectionState
                0x00000000080048e6        0x2 build/usbd_conf.o
                0x00000000080048e6                HAL_PCDEx_SetConnectionState
 .text.HAL_PCD_Init
                0x00000000080048e8       0xd6 build/stm32f1xx_hal_pcd.o
                0x00000000080048e8                HAL_PCD_Init
 .text.HAL_PCD_Start
                0x00000000080049be       0x2e build/stm32f1xx_hal_pcd.o
                0x00000000080049be                HAL_PCD_Start
 .text.HAL_PCD_SetAddress
                0x00000000080049ec       0x28 build/stm32f1xx_hal_pcd.o
                0x00000000080049ec                HAL_PCD_SetAddress
 .text.HAL_PCD_EP_Open
                0x0000000008004a14       0x52 build/stm32f1xx_hal_pcd.o
                0x0000000008004a14                HAL_PCD_EP_Open
 .text.HAL_PCD_EP_Close
                0x0000000008004a66       0x4e build/stm32f1xx_hal_pcd.o
                0x0000000008004a66                HAL_PCD_EP_Close
 .text.HAL_PCD_EP_Receive
                0x0000000008004ab4       0x40 build/stm32f1xx_hal_pcd.o
                0x0000000008004ab4                HAL_PCD_EP_Receive
 .text.HAL_PCD_EP_Transmit
                0x0000000008004af4       0x3e build/stm32f1xx_hal_pcd.o
                0x0000000008004af4                HAL_PCD_EP_Transmit
 .text.PCD_EP_ISR_Handler
                0x0000000008004b32      0x476 build/stm32f1xx_hal_pcd.o
 .text.HAL_PCD_IRQHandler
                0x0000000008004fa8      0x164 build/stm32f1xx_hal_pcd.o
                0x0000000008004fa8                HAL_PCD_IRQHandler
 .text.HAL_PCD_EP_SetStall
                0x000000000800510c       0x5c build/stm32f1xx_hal_pcd.o
                0x000000000800510c                HAL_PCD_EP_SetStall
 .text.HAL_PCD_EP_ClrStall
                0x0000000008005168       0x4e build/stm32f1xx_hal_pcd.o
                0x0000000008005168                HAL_PCD_EP_ClrStall
 .text.HAL_PCDEx_PMAConfig
                0x00000000080051b6       0x30 build/stm32f1xx_hal_pcd_ex.o
                0x00000000080051b6                HAL_PCDEx_PMAConfig
 .text.USB_CoreInit
                0x00000000080051e6        0xe build/stm32f1xx_ll_usb.o
                0x00000000080051e6                USB_CoreInit
 .text.USB_EnableGlobalInt
                0x00000000080051f4       0x12 build/stm32f1xx_ll_usb.o
                0x00000000080051f4                USB_EnableGlobalInt
 .text.USB_DisableGlobalInt
                0x0000000008005206       0x14 build/stm32f1xx_ll_usb.o
                0x0000000008005206                USB_DisableGlobalInt
 .text.USB_SetCurrentMode
                0x000000000800521a        0x4 build/stm32f1xx_ll_usb.o
                0x000000000800521a                USB_SetCurrentMode
 .text.USB_DevInit
                0x000000000800521e       0x2c build/stm32f1xx_ll_usb.o
                0x000000000800521e                USB_DevInit
 .text.USB_ActivateEndpoint
                0x000000000800524a      0x332 build/stm32f1xx_ll_usb.o
                0x000000000800524a                USB_ActivateEndpoint
 .text.USB_DeactivateEndpoint
                0x000000000800557c      0x1c4 build/stm32f1xx_ll_usb.o
                0x000000000800557c                USB_DeactivateEndpoint
 .text.USB_EPSetStall
                0x0000000008005740       0x6e build/stm32f1xx_ll_usb.o
                0x0000000008005740                USB_EPSetStall
 .text.USB_EPClearStall
                0x00000000080057ae       0x92 build/stm32f1xx_ll_usb.o
                0x00000000080057ae                USB_EPClearStall
 .text.USB_SetDevAddress
                0x0000000008005840        0xc build/stm32f1xx_ll_usb.o
                0x0000000008005840                USB_SetDevAddress
 .text.USB_DevConnect
                0x000000000800584c        0x4 build/stm32f1xx_ll_usb.o
                0x000000000800584c                USB_DevConnect
 .text.USB_DevDisconnect
                0x0000000008005850        0x4 build/stm32f1xx_ll_usb.o
                0x0000000008005850                USB_DevDisconnect
 .text.USB_ReadInterrupts
                0x0000000008005854        0x8 build/stm32f1xx_ll_usb.o
                0x0000000008005854                USB_ReadInterrupts
 .text.USB_EP0_OutStart
                0x000000000800585c        0x4 build/stm32f1xx_ll_usb.o
                0x000000000800585c                USB_EP0_OutStart
 .text.USB_WritePMA
                0x0000000008005860       0x26 build/stm32f1xx_ll_usb.o
                0x0000000008005860                USB_WritePMA
 .text.USB_EPStartXfer
                0x0000000008005886      0x2ce build/stm32f1xx_ll_usb.o
                0x0000000008005886                USB_EPStartXfer
 .text.USB_ReadPMA
                0x0000000008005b54       0x1c build/stm32f1xx_ll_usb.o
                0x0000000008005b54                USB_ReadPMA
 .text.HAL_Init
                0x0000000008005b70       0x24 build/stm32f1xx_hal.o
                0x0000000008005b70                HAL_Init
 .text.HAL_IncTick
                0x0000000008005b94       0x18 build/stm32f1xx_hal.o
                0x0000000008005b94                HAL_IncTick
 .text.HAL_GetTick
                0x0000000008005bac        0xc build/stm32f1xx_hal.o
                0x0000000008005bac                HAL_GetTick
 .text.HAL_Delay
                0x0000000008005bb8       0x28 build/stm32f1xx_hal.o
                0x0000000008005bb8                HAL_Delay
 .text.RCC_Delay
                0x0000000008005be0       0x2c build/stm32f1xx_hal_rcc.o
 .text.HAL_RCC_OscConfig
                0x0000000008005c0c      0x3e0 build/stm32f1xx_hal_rcc.o
                0x0000000008005c0c                HAL_RCC_OscConfig
 .text.HAL_RCC_GetSysClockFreq
                0x0000000008005fec       0x6c build/stm32f1xx_hal_rcc.o
                0x0000000008005fec                HAL_RCC_GetSysClockFreq
 .text.HAL_RCC_ClockConfig
                0x0000000008006058      0x19c build/stm32f1xx_hal_rcc.o
                0x0000000008006058                HAL_RCC_ClockConfig
 .text.HAL_RCC_GetHCLKFreq
                0x00000000080061f4        0xc build/stm32f1xx_hal_rcc.o
                0x00000000080061f4                HAL_RCC_GetHCLKFreq
 .text.HAL_RCC_GetPCLK1Freq
                0x0000000008006200       0x20 build/stm32f1xx_hal_rcc.o
                0x0000000008006200                HAL_RCC_GetPCLK1Freq
 .text.HAL_RCC_GetPCLK2Freq
                0x0000000008006220       0x20 build/stm32f1xx_hal_rcc.o
                0x0000000008006220                HAL_RCC_GetPCLK2Freq
 .text.HAL_RCC_GetClockConfig
                0x0000000008006240       0x3c build/stm32f1xx_hal_rcc.o
                0x0000000008006240                HAL_RCC_GetClockConfig
 .text.HAL_RCCEx_PeriphCLKConfig
                0x000000000800627c      0x114 build/stm32f1xx_hal_rcc_ex.o
                0x000000000800627c                HAL_RCCEx_PeriphCLKConfig
 .text.HAL_RCCEx_GetPeriphCLKFreq
                0x0000000008006390      0x114 build/stm32f1xx_hal_rcc_ex.o
                0x0000000008006390                HAL_RCCEx_GetPeriphCLKFreq
 .text.HAL_GPIO_Init
                0x00000000080064a4      0x238 build/stm32f1xx_hal_gpio.o
                0x00000000080064a4                HAL_GPIO_Init
 .text.HAL_GPIO_ReadPin
                0x00000000080066dc        0xe build/stm32f1xx_hal_gpio.o
                0x00000000080066dc                HAL_GPIO_ReadPin
 .text.HAL_GPIO_WritePin
                0x00000000080066ea        0xc build/stm32f1xx_hal_gpio.o
                0x00000000080066ea                HAL_GPIO_WritePin
 .text.HAL_GPIO_TogglePin
                0x00000000080066f6        0x8 build/stm32f1xx_hal_gpio.o
                0x00000000080066f6                HAL_GPIO_TogglePin
 *fill*         0x00000000080066fe        0x2 
 .text.HAL_GPIO_EXTI_IRQHandler
                0x0000000008006700       0x1c build/stm32f1xx_hal_gpio.o
                0x0000000008006700                HAL_GPIO_EXTI_IRQHandler
 .text.DMA_SetConfig
                0x000000000800671c       0x2c build/stm32f1xx_hal_dma.o
 .text.HAL_DMA_Init
                0x0000000008006748       0x98 build/stm32f1xx_hal_dma.o
                0x0000000008006748                HAL_DMA_Init
 .text.HAL_DMA_Start_IT
                0x00000000080067e0       0x74 build/stm32f1xx_hal_dma.o
                0x00000000080067e0                HAL_DMA_Start_IT
 .text.HAL_DMA_IRQHandler
                0x0000000008006854      0x2ec build/stm32f1xx_hal_dma.o
                0x0000000008006854                HAL_DMA_IRQHandler
 .text.HAL_NVIC_SetPriorityGrouping
                0x0000000008006b40       0x24 build/stm32f1xx_hal_cortex.o
                0x0000000008006b40                HAL_NVIC_SetPriorityGrouping
 .text.HAL_NVIC_SetPriority
                0x0000000008006b64       0x68 build/stm32f1xx_hal_cortex.o
                0x0000000008006b64                HAL_NVIC_SetPriority
 .text.HAL_NVIC_EnableIRQ
                0x0000000008006bcc       0x18 build/stm32f1xx_hal_cortex.o
                0x0000000008006bcc                HAL_NVIC_EnableIRQ
 .text.FLASH_Program_HalfWord
                0x0000000008006be4       0x1c build/stm32f1xx_hal_flash.o
 .text.FLASH_SetErrorCode
                0x0000000008006c00       0x70 build/stm32f1xx_hal_flash.o
 .text.HAL_FLASH_Unlock
                0x0000000008006c70       0x34 build/stm32f1xx_hal_flash.o
                0x0000000008006c70                HAL_FLASH_Unlock
 .text.HAL_FLASH_Lock
                0x0000000008006ca4       0x14 build/stm32f1xx_hal_flash.o
                0x0000000008006ca4                HAL_FLASH_Lock
 .text.HAL_FLASH_GetError
                0x0000000008006cb8        0xc build/stm32f1xx_hal_flash.o
                0x0000000008006cb8                HAL_FLASH_GetError
 .text.FLASH_WaitForLastOperation
                0x0000000008006cc4       0x68 build/stm32f1xx_hal_flash.o
                0x0000000008006cc4                FLASH_WaitForLastOperation
 .text.HAL_FLASH_Program
                0x0000000008006d2c       0x9c build/stm32f1xx_hal_flash.o
                0x0000000008006d2c                HAL_FLASH_Program
 .text.FLASH_MassErase
                0x0000000008006dc8       0x24 build/stm32f1xx_hal_flash_ex.o
 .text.FLASH_PageErase
                0x0000000008006dec       0x24 build/stm32f1xx_hal_flash_ex.o
                0x0000000008006dec                FLASH_PageErase
 .text.HAL_FLASHEx_Erase
                0x0000000008006e10       0xa4 build/stm32f1xx_hal_flash_ex.o
                0x0000000008006e10                HAL_FLASHEx_Erase
 .text.HAL_ADC_GetValue
                0x0000000008006eb4        0x6 build/stm32f1xx_hal_adc.o
                0x0000000008006eb4                HAL_ADC_GetValue
 *fill*         0x0000000008006eba        0x2 
 .text.HAL_ADC_ConfigChannel
                0x0000000008006ebc      0x138 build/stm32f1xx_hal_adc.o
                0x0000000008006ebc                HAL_ADC_ConfigChannel
 .text.ADC_Enable
                0x0000000008006ff4       0x7c build/stm32f1xx_hal_adc.o
                0x0000000008006ff4                ADC_Enable
 .text.HAL_ADC_Start
                0x0000000008007070       0xe8 build/stm32f1xx_hal_adc.o
                0x0000000008007070                HAL_ADC_Start
 .text.ADC_ConversionStop_Disable
                0x0000000008007158       0x4c build/stm32f1xx_hal_adc.o
                0x0000000008007158                ADC_ConversionStop_Disable
 .text.HAL_ADC_Init
                0x00000000080071a4      0x124 build/stm32f1xx_hal_adc.o
                0x00000000080071a4                HAL_ADC_Init
 .text.HAL_ADCEx_Calibration_Start
                0x00000000080072c8       0xe8 build/stm32f1xx_hal_adc_ex.o
                0x00000000080072c8                HAL_ADCEx_Calibration_Start
 .text.I2C_IsAcknowledgeFailed
                0x00000000080073b0       0x2a build/stm32f1xx_hal_i2c.o
 .text.I2C_WaitOnFlagUntilTimeout
                0x00000000080073da       0x6c build/stm32f1xx_hal_i2c.o
 .text.I2C_WaitOnMasterAddressFlagUntilTimeout
                0x0000000008007446       0x96 build/stm32f1xx_hal_i2c.o
 .text.I2C_WaitOnTXEFlagUntilTimeout
                0x00000000080074dc       0x4e build/stm32f1xx_hal_i2c.o
 *fill*         0x000000000800752a        0x2 
 .text.I2C_RequestMemoryWrite
                0x000000000800752c       0xd8 build/stm32f1xx_hal_i2c.o
 .text.I2C_WaitOnBTFFlagUntilTimeout
                0x0000000008007604       0x4e build/stm32f1xx_hal_i2c.o
 *fill*         0x0000000008007652        0x2 
 .text.HAL_I2C_Init
                0x0000000008007654      0x16c build/stm32f1xx_hal_i2c.o
                0x0000000008007654                HAL_I2C_Init
 .text.HAL_I2C_Mem_Write
                0x00000000080077c0      0x17c build/stm32f1xx_hal_i2c.o
                0x00000000080077c0                HAL_I2C_Mem_Write
 .text.TIM_OC1_SetConfig
                0x000000000800793c       0x68 build/stm32f1xx_hal_tim.o
 .text.TIM_OC3_SetConfig
                0x00000000080079a4       0x70 build/stm32f1xx_hal_tim.o
 .text.TIM_OC4_SetConfig
                0x0000000008007a14       0x50 build/stm32f1xx_hal_tim.o
 .text.TIM_TI1_ConfigInputStage
                0x0000000008007a64       0x24 build/stm32f1xx_hal_tim.o
 .text.TIM_TI2_ConfigInputStage
                0x0000000008007a88       0x26 build/stm32f1xx_hal_tim.o
 .text.TIM_ITRx_SetConfig
                0x0000000008007aae       0x10 build/stm32f1xx_hal_tim.o
 .text.TIM_ETR_SetConfig
                0x0000000008007abe       0x16 build/stm32f1xx_hal_tim.o
 .text.HAL_TIM_Base_Start_IT
                0x0000000008007ad4       0x18 build/stm32f1xx_hal_tim.o
                0x0000000008007ad4                HAL_TIM_Base_Start_IT
 .text.HAL_TIM_PWM_MspInit
                0x0000000008007aec        0x2 build/stm32f1xx_hal_tim.o
                0x0000000008007aec                HAL_TIM_PWM_MspInit
 .text.HAL_TIM_ConfigClockSource
                0x0000000008007aee      0x10a build/stm32f1xx_hal_tim.o
                0x0000000008007aee                HAL_TIM_ConfigClockSource
 .text.HAL_TIM_OC_DelayElapsedCallback
                0x0000000008007bf8        0x2 build/stm32f1xx_hal_tim.o
                0x0000000008007bf8                HAL_TIM_OC_DelayElapsedCallback
 .text.TIM_DMADelayPulseCplt
                0x0000000008007bfa       0x44 build/stm32f1xx_hal_tim.o
                0x0000000008007bfa                TIM_DMADelayPulseCplt
 .text.HAL_TIM_TriggerCallback
                0x0000000008007c3e        0x2 build/stm32f1xx_hal_tim.o
                0x0000000008007c3e                HAL_TIM_TriggerCallback
 .text.HAL_TIM_IRQHandler
                0x0000000008007c40      0x17a build/stm32f1xx_hal_tim.o
                0x0000000008007c40                HAL_TIM_IRQHandler
 .text.HAL_TIM_ErrorCallback
                0x0000000008007dba        0x2 build/stm32f1xx_hal_tim.o
                0x0000000008007dba                HAL_TIM_ErrorCallback
 .text.TIM_DMAError
                0x0000000008007dbc       0x10 build/stm32f1xx_hal_tim.o
                0x0000000008007dbc                TIM_DMAError
 .text.TIM_Base_SetConfig
                0x0000000008007dcc       0x98 build/stm32f1xx_hal_tim.o
                0x0000000008007dcc                TIM_Base_SetConfig
 .text.HAL_TIM_Base_Init
                0x0000000008007e64       0x34 build/stm32f1xx_hal_tim.o
                0x0000000008007e64                HAL_TIM_Base_Init
 .text.HAL_TIM_PWM_Init
                0x0000000008007e98       0x34 build/stm32f1xx_hal_tim.o
                0x0000000008007e98                HAL_TIM_PWM_Init
 .text.HAL_TIM_Encoder_Init
                0x0000000008007ecc       0x98 build/stm32f1xx_hal_tim.o
                0x0000000008007ecc                HAL_TIM_Encoder_Init
 .text.TIM_OC2_SetConfig
                0x0000000008007f64       0x70 build/stm32f1xx_hal_tim.o
                0x0000000008007f64                TIM_OC2_SetConfig
 .text.HAL_TIM_PWM_ConfigChannel
                0x0000000008007fd4       0xdc build/stm32f1xx_hal_tim.o
                0x0000000008007fd4                HAL_TIM_PWM_ConfigChannel
 .text.TIM_CCxChannelCmd
                0x00000000080080b0       0x1e build/stm32f1xx_hal_tim.o
                0x00000000080080b0                TIM_CCxChannelCmd
 *fill*         0x00000000080080ce        0x2 
 .text.HAL_TIM_PWM_Start_DMA
                0x00000000080080d0      0x104 build/stm32f1xx_hal_tim.o
                0x00000000080080d0                HAL_TIM_PWM_Start_DMA
 .text.HAL_TIM_PWM_Stop_DMA
                0x00000000080081d4       0xac build/stm32f1xx_hal_tim.o
                0x00000000080081d4                HAL_TIM_PWM_Stop_DMA
 .text.HAL_TIM_Encoder_Start_IT
                0x0000000008008280       0x6c build/stm32f1xx_hal_tim.o
                0x0000000008008280                HAL_TIM_Encoder_Start_IT
 .text.HAL_TIMEx_ConfigBreakDeadTime
                0x00000000080082ec       0x58 build/stm32f1xx_hal_tim_ex.o
                0x00000000080082ec                HAL_TIMEx_ConfigBreakDeadTime
 .text.HAL_TIMEx_MasterConfigSynchronization
                0x0000000008008344       0x52 build/stm32f1xx_hal_tim_ex.o
                0x0000000008008344                HAL_TIMEx_MasterConfigSynchronization
 .text.HAL_TIMEx_CommutationCallback
                0x0000000008008396        0x2 build/stm32f1xx_hal_tim_ex.o
                0x0000000008008396                HAL_TIMEx_CommutationCallback
 .text.HAL_TIMEx_BreakCallback
                0x0000000008008398        0x2 build/stm32f1xx_hal_tim_ex.o
                0x0000000008008398                HAL_TIMEx_BreakCallback
 *fill*         0x000000000800839a        0x2 
 .text.UART_SetConfig
                0x000000000800839c      0x1ac build/stm32f1xx_hal_uart.o
 .text.UART_WaitOnFlagUntilTimeout
                0x0000000008008548       0x68 build/stm32f1xx_hal_uart.o
 .text.HAL_UART_Init
                0x00000000080085b0       0x5e build/stm32f1xx_hal_uart.o
                0x00000000080085b0                HAL_UART_Init
 .text.HAL_UART_Transmit
                0x000000000800860e       0xe0 build/stm32f1xx_hal_uart.o
                0x000000000800860e                HAL_UART_Transmit
 .text.HAL_UART_Receive
                0x00000000080086ee       0xe6 build/stm32f1xx_hal_uart.o
                0x00000000080086ee                HAL_UART_Receive
 .text.SystemInit
                0x00000000080087d4       0x4c build/system_stm32f1xx.o
                0x00000000080087d4                SystemInit
 .text.vListInitialise
                0x0000000008008820       0x16 build/list.o
                0x0000000008008820                vListInitialise
 .text.vListInitialiseItem
                0x0000000008008836        0x6 build/list.o
                0x0000000008008836                vListInitialiseItem
 .text.vListInsertEnd
                0x000000000800883c       0x16 build/list.o
                0x000000000800883c                vListInsertEnd
 .text.vListInsert
                0x0000000008008852       0x32 build/list.o
                0x0000000008008852                vListInsert
 .text.uxListRemove
                0x0000000008008884       0x24 build/list.o
                0x0000000008008884                uxListRemove
 .text.prvResetNextTaskUnblockTime
                0x00000000080088a8       0x2c build/tasks.o
 .text.prvDeleteTCB
                0x00000000080088d4       0x12 build/tasks.o
 .text.prvInitialiseNewTask
                0x00000000080088e6       0x88 build/tasks.o
 *fill*         0x000000000800896e        0x2 
 .text.prvInitialiseTaskLists
                0x0000000008008970       0x68 build/tasks.o
 .text.prvAddNewTaskToReadyList
                0x00000000080089d8       0xa8 build/tasks.o
 .text.prvAddCurrentTaskToDelayedList
                0x0000000008008a80       0x98 build/tasks.o
 .text.xTaskCreate
                0x0000000008008b18       0x64 build/tasks.o
                0x0000000008008b18                xTaskCreate
 .text.vTaskStartScheduler
                0x0000000008008b7c       0x7c build/tasks.o
                0x0000000008008b7c                vTaskStartScheduler
 .text.vTaskSuspendAll
                0x0000000008008bf8       0x10 build/tasks.o
                0x0000000008008bf8                vTaskSuspendAll
 .text.xTaskIncrementTick
                0x0000000008008c08      0x118 build/tasks.o
                0x0000000008008c08                xTaskIncrementTick
 .text.xTaskResumeAll
                0x0000000008008d20       0xf8 build/tasks.o
                0x0000000008008d20                xTaskResumeAll
 .text.vTaskDelay
                0x0000000008008e18       0x4c build/tasks.o
                0x0000000008008e18                vTaskDelay
 .text.prvCheckTasksWaitingTermination
                0x0000000008008e64       0x5c build/tasks.o
 .text.prvIdleTask
                0x0000000008008ec0       0x28 build/tasks.o
 .text.vTaskSwitchContext
                0x0000000008008ee8       0x98 build/tasks.o
                0x0000000008008ee8                vTaskSwitchContext
 .text.makeFreeRtosPriority
                0x0000000008008f80        0xc build/cmsis_os.o
 .text.osKernelStart
                0x0000000008008f8c        0xa build/cmsis_os.o
                0x0000000008008f8c                osKernelStart
 .text.osThreadCreate
                0x0000000008008f96       0x34 build/cmsis_os.o
                0x0000000008008f96                osThreadCreate
 .text.osDelay  0x0000000008008fca        0xe build/cmsis_os.o
                0x0000000008008fca                osDelay
 .text.prvHeapInit
                0x0000000008008fd8       0x64 build/heap_4.o
 .text.prvInsertBlockIntoFreeList
                0x000000000800903c       0x54 build/heap_4.o
 .text.pvPortMalloc
                0x0000000008009090       0xf0 build/heap_4.o
                0x0000000008009090                pvPortMalloc
 .text.vPortFree
                0x0000000008009180       0x70 build/heap_4.o
                0x0000000008009180                vPortFree
 .text.prvTaskExitError
                0x00000000080091f0       0x34 build/port.o
 .text.prvPortStartFirstTask
                0x0000000008009224       0x20 build/port.o
 .text.pxPortInitialiseStack
                0x0000000008009244       0x24 build/port.o
                0x0000000008009244                pxPortInitialiseStack
 *fill*         0x0000000008009268        0x8 
 .text.SVC_Handler
                0x0000000008009270       0x24 build/port.o
                0x0000000008009270                SVC_Handler
 .text.vPortEnterCritical
                0x0000000008009294       0x44 build/port.o
                0x0000000008009294                vPortEnterCritical
 .text.vPortExitCritical
                0x00000000080092d8       0x2c build/port.o
                0x00000000080092d8                vPortExitCritical
 *fill*         0x0000000008009304        0xc 
 .text.PendSV_Handler
                0x0000000008009310       0x44 build/port.o
                0x0000000008009310                PendSV_Handler
 .text.SysTick_Handler
                0x0000000008009354       0x2c build/port.o
                0x0000000008009354                SysTick_Handler
 .text.vPortSetupTimerInterrupt
                0x0000000008009380       0x2c build/port.o
                0x0000000008009380                vPortSetupTimerInterrupt
 .text.xPortStartScheduler
                0x00000000080093ac       0x98 build/port.o
                0x00000000080093ac                xPortStartScheduler
 .text.USBD_Init
                0x0000000008009444       0x2e build/usbd_core.o
                0x0000000008009444                USBD_Init
 .text.USBD_RegisterClass
                0x0000000008009472        0xe build/usbd_core.o
                0x0000000008009472                USBD_RegisterClass
 .text.USBD_Start
                0x0000000008009480        0xa build/usbd_core.o
                0x0000000008009480                USBD_Start
 .text.USBD_SetClassConfig
                0x000000000800948a       0x18 build/usbd_core.o
                0x000000000800948a                USBD_SetClassConfig
 .text.USBD_ClrClassConfig
                0x00000000080094a2        0xe build/usbd_core.o
                0x00000000080094a2                USBD_ClrClassConfig
 .text.USBD_LL_SetupStage
                0x00000000080094b0       0x5a build/usbd_core.o
                0x00000000080094b0                USBD_LL_SetupStage
 .text.USBD_LL_DataOutStage
                0x000000000800950a       0x6c build/usbd_core.o
                0x000000000800950a                USBD_LL_DataOutStage
 .text.USBD_LL_DataInStage
                0x0000000008009576       0xb2 build/usbd_core.o
                0x0000000008009576                USBD_LL_DataInStage
 .text.USBD_LL_Reset
                0x0000000008009628       0x3e build/usbd_core.o
                0x0000000008009628                USBD_LL_Reset
 .text.USBD_LL_SetSpeed
                0x0000000008009666        0x6 build/usbd_core.o
                0x0000000008009666                USBD_LL_SetSpeed
 .text.USBD_LL_Suspend
                0x000000000800966c       0x12 build/usbd_core.o
                0x000000000800966c                USBD_LL_Suspend
 .text.USBD_LL_Resume
                0x000000000800967e        0xc build/usbd_core.o
                0x000000000800967e                USBD_LL_Resume
 .text.USBD_LL_SOF
                0x000000000800968a       0x1c build/usbd_core.o
                0x000000000800968a                USBD_LL_SOF
 .text.USBD_GetLen
                0x00000000080096a6       0x12 build/usbd_ctlreq.o
 .text.USBD_SetFeature
                0x00000000080096b8       0x20 build/usbd_ctlreq.o
 .text.USBD_ParseSetupRequest
                0x00000000080096d8       0x28 build/usbd_ctlreq.o
                0x00000000080096d8                USBD_ParseSetupRequest
 .text.USBD_CtlError
                0x0000000008009700       0x14 build/usbd_ctlreq.o
                0x0000000008009700                USBD_CtlError
 .text.USBD_GetDescriptor
                0x0000000008009714      0x132 build/usbd_ctlreq.o
 .text.USBD_SetAddress
                0x0000000008009846       0x4a build/usbd_ctlreq.o
 .text.USBD_SetConfig
                0x0000000008009890       0xa4 build/usbd_ctlreq.o
 .text.USBD_GetConfig
                0x0000000008009934       0x3a build/usbd_ctlreq.o
 .text.USBD_GetStatus
                0x000000000800996e       0x2c build/usbd_ctlreq.o
 .text.USBD_ClrFeature
                0x000000000800999a       0x30 build/usbd_ctlreq.o
 .text.USBD_StdDevReq
                0x00000000080099ca       0x48 build/usbd_ctlreq.o
                0x00000000080099ca                USBD_StdDevReq
 .text.USBD_StdItfReq
                0x0000000008009a12       0x36 build/usbd_ctlreq.o
                0x0000000008009a12                USBD_StdItfReq
 .text.USBD_StdEPReq
                0x0000000008009a48      0x11c build/usbd_ctlreq.o
                0x0000000008009a48                USBD_StdEPReq
 .text.USBD_GetString
                0x0000000008009b64       0x3a build/usbd_ctlreq.o
                0x0000000008009b64                USBD_GetString
 .text.USBD_CtlSendData
                0x0000000008009b9e       0x1a build/usbd_ioreq.o
                0x0000000008009b9e                USBD_CtlSendData
 .text.USBD_CtlContinueSendData
                0x0000000008009bb8       0x10 build/usbd_ioreq.o
                0x0000000008009bb8                USBD_CtlContinueSendData
 .text.USBD_CtlContinueRx
                0x0000000008009bc8       0x10 build/usbd_ioreq.o
                0x0000000008009bc8                USBD_CtlContinueRx
 .text.USBD_CtlSendStatus
                0x0000000008009bd8       0x16 build/usbd_ioreq.o
                0x0000000008009bd8                USBD_CtlSendStatus
 .text.USBD_CtlReceiveStatus
                0x0000000008009bee       0x16 build/usbd_ioreq.o
                0x0000000008009bee                USBD_CtlReceiveStatus
 .text.USBD_HID_GetCfgDesc
                0x0000000008009c04        0xc build/usbd_hid.o
 .text.USBD_HID_DataIn
                0x0000000008009c10        0xa build/usbd_hid.o
 *fill*         0x0000000008009c1a        0x2 
 .text.USBD_HID_GetDeviceQualifierDesc
                0x0000000008009c1c        0xc build/usbd_hid.o
 .text.USBD_HID_Setup
                0x0000000008009c28       0xb8 build/usbd_hid.o
 .text.USBD_HID_DeInit
                0x0000000008009ce0       0x1e build/usbd_hid.o
 .text.USBD_HID_Init
                0x0000000008009cfe       0x26 build/usbd_hid.o
 .text.USBD_HID_SendReport
                0x0000000008009d24       0x28 build/usbd_hid.o
                0x0000000008009d24                USBD_HID_SendReport
 .text.Reset_Handler
                0x0000000008009d4c       0x48 build/startup_stm32f103xe.o
                0x0000000008009d4c                Reset_Handler
 .text.Default_Handler
                0x0000000008009d94        0x2 build/startup_stm32f103xe.o
                0x0000000008009d94                RTC_Alarm_IRQHandler
                0x0000000008009d94                TIM8_TRG_COM_IRQHandler
                0x0000000008009d94                TIM8_CC_IRQHandler
                0x0000000008009d94                TIM1_CC_IRQHandler
                0x0000000008009d94                PVD_IRQHandler
                0x0000000008009d94                SDIO_IRQHandler
                0x0000000008009d94                I2C2_EV_IRQHandler
                0x0000000008009d94                ADC1_2_IRQHandler
                0x0000000008009d94                SPI1_IRQHandler
                0x0000000008009d94                TAMPER_IRQHandler
                0x0000000008009d94                TIM8_UP_IRQHandler
                0x0000000008009d94                DMA2_Channel2_IRQHandler
                0x0000000008009d94                DMA1_Channel4_IRQHandler
                0x0000000008009d94                USART3_IRQHandler
                0x0000000008009d94                RTC_IRQHandler
                0x0000000008009d94                DMA1_Channel7_IRQHandler
                0x0000000008009d94                CAN1_RX1_IRQHandler
                0x0000000008009d94                UART5_IRQHandler
                0x0000000008009d94                ADC3_IRQHandler
                0x0000000008009d94                TIM4_IRQHandler
                0x0000000008009d94                DMA2_Channel1_IRQHandler
                0x0000000008009d94                I2C1_EV_IRQHandler
                0x0000000008009d94                DMA1_Channel6_IRQHandler
                0x0000000008009d94                UART4_IRQHandler
                0x0000000008009d94                TIM3_IRQHandler
                0x0000000008009d94                RCC_IRQHandler
                0x0000000008009d94                TIM1_TRG_COM_IRQHandler
                0x0000000008009d94                DMA1_Channel1_IRQHandler
                0x0000000008009d94                Default_Handler
                0x0000000008009d94                TIM7_IRQHandler
                0x0000000008009d94                TIM5_IRQHandler
                0x0000000008009d94                EXTI9_5_IRQHandler
                0x0000000008009d94                SPI2_IRQHandler
                0x0000000008009d94                DMA1_Channel5_IRQHandler
                0x0000000008009d94                EXTI4_IRQHandler
                0x0000000008009d94                USB_HP_CAN1_TX_IRQHandler
                0x0000000008009d94                DMA1_Channel3_IRQHandler
                0x0000000008009d94                FSMC_IRQHandler
                0x0000000008009d94                TIM1_UP_IRQHandler
                0x0000000008009d94                WWDG_IRQHandler
                0x0000000008009d94                TIM1_BRK_IRQHandler
                0x0000000008009d94                DMA2_Channel4_5_IRQHandler
                0x0000000008009d94                USART2_IRQHandler
                0x0000000008009d94                I2C2_ER_IRQHandler
                0x0000000008009d94                TIM8_BRK_IRQHandler
                0x0000000008009d94                CAN1_SCE_IRQHandler
                0x0000000008009d94                FLASH_IRQHandler
                0x0000000008009d94                USART1_IRQHandler
                0x0000000008009d94                SPI3_IRQHandler
                0x0000000008009d94                I2C1_ER_IRQHandler
                0x0000000008009d94                USBWakeUp_IRQHandler
                0x0000000008009d94                DMA2_Channel3_IRQHandler
 *(.glue_7)
 .glue_7        0x0000000008009d96        0x0 linker stubs
 *(.glue_7t)
 .glue_7t       0x0000000008009d96        0x0 linker stubs
 *(.eh_frame)
 *fill*         0x0000000008009d96        0x2 
 .eh_frame      0x0000000008009d98        0x0 /usr/lib/gcc/arm-none-eabi/9.2.1/thumb/v7-m/nofp/crtbegin.o
 *(.init)
 .init          0x0000000008009d98        0x4 /usr/lib/gcc/arm-none-eabi/9.2.1/thumb/v7-m/nofp/crti.o
                0x0000000008009d98                _init
 .init          0x0000000008009d9c        0x8 /usr/lib/gcc/arm-none-eabi/9.2.1/thumb/v7-m/nofp/crtn.o
 *(.fini)
 .fini          0x0000000008009da4        0x4 /usr/lib/gcc/arm-none-eabi/9.2.1/thumb/v7-m/nofp/crti.o
                0x0000000008009da4                _fini
 .fini          0x0000000008009da8        0x8 /usr/lib/gcc/arm-none-eabi/9.2.1/thumb/v7-m/nofp/crtn.o
                0x0000000008009db0                . = ALIGN (0x4)
                0x0000000008009db0                _etext = .

.vfp11_veneer   0x0000000008009db0        0x0
 .vfp11_veneer  0x0000000008009db0        0x0 linker stubs

.v4_bx          0x0000000008009db0        0x0
 .v4_bx         0x0000000008009db0        0x0 linker stubs

.iplt           0x0000000008009db0        0x0
 .iplt          0x0000000008009db0        0x0 /usr/lib/gcc/arm-none-eabi/9.2.1/thumb/v7-m/nofp/crtbegin.o

.rodata         0x0000000008009db0      0xfc4
                0x0000000008009db0                . = ALIGN (0x4)
 *(.rodata)
 .rodata        0x0000000008009db0       0x3c build/main.o
 .rodata        0x0000000008009dec        0xc build/RGB.o
 *(.rodata*)
 .rodata.str1.4
                0x0000000008009df8       0x1c build/main.o
 .rodata.sendPassword.str1.4
                0x0000000008009e14        0xe build/keyInterface.o
 *fill*         0x0000000008009e22        0x2 
 .rodata.finger_update.str1.4
                0x0000000008009e24       0x5e build/finger_page.o
 *fill*         0x0000000008009e82        0x2 
 .rodata.led_mode_update.str1.4
                0x0000000008009e84       0x3a build/led_mode_page.o
 *fill*         0x0000000008009ebe        0x2 
 .rodata.led_update.str1.4
                0x0000000008009ec0       0x1d build/led_page.o
 *fill*         0x0000000008009edd        0x3 
 .rodata.str1.4
                0x0000000008009ee0       0x19 build/led_page.o
                                         0x4d (size before relaxing)
 *fill*         0x0000000008009ef9        0x3 
 .rodata.macro_update.str1.4
                0x0000000008009efc       0x40 build/marco_page.o
 .rodata.Font6x8
                0x0000000008009f3c      0x5f0 build/ssd1306_fonts.o
 .rodata.Font7x10
                0x000000000800a52c      0x76c build/ssd1306_fonts.o
 .rodata.status_update.str1.4
                0x000000000800ac98       0x2c build/status_page.o
 .rodata.USBD_FS_ProductStrDescriptor.str1.4
                0x000000000800acc4        0xe build/usbd_desc.o
 *fill*         0x000000000800acd2        0x2 
 .rodata.USBD_FS_ManufacturerStrDescriptor.str1.4
                0x000000000800acd4       0x13 build/usbd_desc.o
 *fill*         0x000000000800ace7        0x1 
 .rodata.USBD_FS_ConfigStrDescriptor.str1.4
                0x000000000800ace8        0xb build/usbd_desc.o
 *fill*         0x000000000800acf3        0x1 
 .rodata.USBD_FS_InterfaceStrDescriptor.str1.4
                0x000000000800acf4        0xe build/usbd_desc.o
 *fill*         0x000000000800ad02        0x2 
 .rodata.HAL_RCC_GetSysClockFreq.str1.4
                0x000000000800ad04       0x11 build/stm32f1xx_hal_rcc.o
 .rodata.HAL_RCCEx_GetPeriphCLKFreq.str1.4
                0x000000000800ad15       0x11 build/stm32f1xx_hal_rcc_ex.o
 *fill*         0x000000000800ad15        0x3 
 .rodata.AHBPrescTable
                0x000000000800ad18       0x10 build/system_stm32f1xx.o
                0x000000000800ad18                AHBPrescTable
 .rodata.APBPrescTable
                0x000000000800ad28        0x8 build/system_stm32f1xx.o
                0x000000000800ad28                APBPrescTable
 .rodata.vTaskStartScheduler.str1.4
                0x000000000800ad30        0x5 build/tasks.o
 *fill*         0x000000000800ad35        0x3 
 .rodata.str1.4
                0x000000000800ad38       0x13 /usr/lib/gcc/arm-none-eabi/9.2.1/../../../arm-none-eabi/lib/thumb/v7-m/nofp/libc_nano.a(lib_a-nano-svfprintf.o)
 *fill*         0x000000000800ad4b        0x1 
 .rodata.str1.4
                0x000000000800ad4c       0x25 /usr/lib/gcc/arm-none-eabi/9.2.1/../../../arm-none-eabi/lib/thumb/v7-m/nofp/libc_nano.a(lib_a-nano-vfprintf_i.o)
                0x000000000800ad74                . = ALIGN (0x4)
 *fill*         0x000000000800ad71        0x3 

.rel.dyn        0x000000000800ad74        0x0
 .rel.iplt      0x000000000800ad74        0x0 /usr/lib/gcc/arm-none-eabi/9.2.1/thumb/v7-m/nofp/crtbegin.o

.ARM.extab
 *(.ARM.extab* .gnu.linkonce.armextab.*)

.ARM            0x000000000800ad74        0x0
                0x000000000800ad74                __exidx_start = .
 *(.ARM.exidx*)
                0x000000000800ad74                __exidx_end = .

.preinit_array  0x000000000800ad74        0x0
                0x000000000800ad74                PROVIDE (__preinit_array_start = .)
 *(.preinit_array*)
                0x000000000800ad74                PROVIDE (__preinit_array_end = .)

.init_array     0x000000000800ad74        0x4
                0x000000000800ad74                PROVIDE (__init_array_start = .)
 *(SORT_BY_NAME(.init_array.*))
 *(.init_array*)
 .init_array    0x000000000800ad74        0x4 /usr/lib/gcc/arm-none-eabi/9.2.1/thumb/v7-m/nofp/crtbegin.o
                0x000000000800ad78                PROVIDE (__init_array_end = .)

.fini_array     0x000000000800ad78        0x4
                0x000000000800ad78                PROVIDE (__fini_array_start = .)
 *(SORT_BY_NAME(.fini_array.*))
 *(.fini_array*)
 .fini_array    0x000000000800ad78        0x4 /usr/lib/gcc/arm-none-eabi/9.2.1/thumb/v7-m/nofp/crtbegin.o
                0x000000000800ad7c                PROVIDE (__fini_array_end = .)
                0x000000000800ad7c                _sidata = LOADADDR (.data)

.data           0x0000000020000000      0x350 load address 0x000000000800ad7c
                0x0000000020000000                . = ALIGN (0x4)
                0x0000000020000000                _sdata = .
 *(.data)
 .data          0x0000000020000000       0x64 /usr/lib/gcc/arm-none-eabi/9.2.1/../../../arm-none-eabi/lib/thumb/v7-m/nofp/libc_nano.a(lib_a-impure.o)
                0x0000000020000000                _impure_ptr
 *(.data*)
 .data.SLEEPMODE_TIMEOUT
                0x0000000020000064        0x4 build/main.o
                0x0000000020000064                SLEEPMODE_TIMEOUT
 .data.ssd_do_once_flag
                0x0000000020000068        0x1 build/main.o
                0x0000000020000068                ssd_do_once_flag
 *fill*         0x0000000020000069        0x1 
 .data.capacity
                0x000000002000006a        0x2 build/fingerprint.o
                0x000000002000006a                capacity
 *fill*         0x000000002000006c        0x4 
 .data.fpacket  0x0000000020000070       0x58 build/fingerprint.o
                0x0000000020000070                fpacket
 .data.brightness
                0x00000000200000c8        0x4 build/RGB.o
                0x00000000200000c8                brightness
 .data.defaultColorList
                0x00000000200000cc       0x1e build/RGB.o
                0x00000000200000cc                defaultColorList
 .data.do_once_flag
                0x00000000200000ea        0x1 build/RGB.o
                0x00000000200000ea                do_once_flag
 .data.rgb_mode
                0x00000000200000eb        0x1 build/RGB.o
                0x00000000200000eb                rgb_mode
 .data.step.9668
                0x00000000200000ec        0x1 build/RGB.o
 *fill*         0x00000000200000ed        0x3 
 .data.finger   0x00000000200000f0       0x2c build/finger_page.o
                0x00000000200000f0                finger
 .data.rgb_pattern
                0x000000002000011c       0x2c build/led_mode_page.o
                0x000000002000011c                rgb_pattern
 .data.led      0x0000000020000148       0x2c build/led_page.o
                0x0000000020000148                led
 .data.oled_color
                0x0000000020000174       0x50 build/led_page.o
                0x0000000020000174                oled_color
 .data.keybind  0x00000000200001c4        0x1 build/marco_page.o
                0x00000000200001c4                keybind
 *fill*         0x00000000200001c5        0x3 
 .data.macro    0x00000000200001c8       0x2c build/marco_page.o
                0x00000000200001c8                macro
 .data.page_array
                0x00000000200001f4       0x14 build/oled_manager.o
                0x00000000200001f4                page_array
 .data.Font_6x8
                0x0000000020000208        0x8 build/ssd1306_fonts.o
                0x0000000020000208                Font_6x8
 .data.Font_7x10
                0x0000000020000210        0x8 build/ssd1306_fonts.o
                0x0000000020000210                Font_7x10
 .data.status   0x0000000020000218       0x2c build/status_page.o
                0x0000000020000218                status
 .data.FS_Desc  0x0000000020000244       0x1c build/usbd_desc.o
                0x0000000020000244                FS_Desc
 .data.USBD_FS_DeviceDesc
                0x0000000020000260       0x12 build/usbd_desc.o
                0x0000000020000260                USBD_FS_DeviceDesc
 *fill*         0x0000000020000272        0x2 
 .data.USBD_LangIDDesc
                0x0000000020000274        0x4 build/usbd_desc.o
                0x0000000020000274                USBD_LangIDDesc
 .data.USBD_StringSerial
                0x0000000020000278       0x1a build/usbd_desc.o
                0x0000000020000278                USBD_StringSerial
 .data.uwTickFreq
                0x0000000020000292        0x1 build/stm32f1xx_hal.o
                0x0000000020000292                uwTickFreq
 *fill*         0x0000000020000293        0x1 
 .data.SystemCoreClock
                0x0000000020000294        0x4 build/system_stm32f1xx.o
                0x0000000020000294                SystemCoreClock
 .data.uxCriticalNesting
                0x0000000020000298        0x4 build/port.o
 .data.HID_MOUSE_ReportDesc
                0x000000002000029c       0x3f build/usbd_hid.o
 *fill*         0x00000000200002db        0x1 
 .data.USBD_HID
                0x00000000200002dc       0x38 build/usbd_hid.o
                0x00000000200002dc                USBD_HID
 .data.USBD_HID_CfgDesc
                0x0000000020000314       0x22 build/usbd_hid.o
 *fill*         0x0000000020000336        0x2 
 .data.USBD_HID_Desc
                0x0000000020000338        0x9 build/usbd_hid.o
 *fill*         0x0000000020000341        0x3 
 .data.USBD_HID_DeviceQualifierDesc
                0x0000000020000344        0xa build/usbd_hid.o
                0x0000000020000350                . = ALIGN (0x4)
 *fill*         0x000000002000034e        0x2 
                0x0000000020000350                _edata = .

.tm_clone_table
                0x0000000020000350        0x0 load address 0x000000000800b0cc
 .tm_clone_table
                0x0000000020000350        0x0 /usr/lib/gcc/arm-none-eabi/9.2.1/thumb/v7-m/nofp/crtbegin.o
 .tm_clone_table
                0x0000000020000350        0x0 /usr/lib/gcc/arm-none-eabi/9.2.1/thumb/v7-m/nofp/crtend.o

.igot.plt       0x0000000020000350        0x0 load address 0x000000000800b0cc
 .igot.plt      0x0000000020000350        0x0 /usr/lib/gcc/arm-none-eabi/9.2.1/thumb/v7-m/nofp/crtbegin.o
                0x0000000020000350                . = ALIGN (0x4)

.bss            0x0000000020000350     0x24d4 load address 0x000000000800b0cc
                0x0000000020000350                _sbss = .
                0x0000000020000350                __bss_start__ = _sbss
 *(.bss)
 .bss           0x0000000020000350       0x1c /usr/lib/gcc/arm-none-eabi/9.2.1/thumb/v7-m/nofp/crtbegin.o
 .bss           0x000000002000036c        0x8 /usr/lib/gcc/arm-none-eabi/9.2.1/../../../arm-none-eabi/lib/thumb/v7-m/nofp/libc_nano.a(lib_a-nano-mallocr.o)
                0x000000002000036c                __malloc_free_list
                0x0000000020000370                __malloc_sbrk_start
 .bss           0x0000000020000374        0x4 /usr/lib/gcc/arm-none-eabi/9.2.1/../../../arm-none-eabi/lib/thumb/v7-m/nofp/libnosys.a(sbrk.o)
 *(.bss*)
 .bss.last_keyinterrupt_tick
                0x0000000020000378        0x4 build/main.o
                0x0000000020000378                last_keyinterrupt_tick
 .bss.oled_tick
                0x000000002000037c        0x4 build/main.o
                0x000000002000037c                oled_tick
 .bss.sendPasswordFlag
                0x0000000020000380        0x1 build/main.o
                0x0000000020000380                sendPasswordFlag
 .bss.sleep_mode
                0x0000000020000381        0x1 build/main.o
                0x0000000020000381                sleep_mode
 *fill*         0x0000000020000382        0x2 
 .bss.EraseInitStruct.8432
                0x0000000020000384       0x10 build/flash.o
 .bss.curr_btn_state
                0x0000000020000394       0x10 build/keyInterface.o
                0x0000000020000394                curr_btn_state
 .bss.keyboard_connection_mode
                0x00000000200003a4        0x1 build/keyInterface.o
                0x00000000200003a4                keyboard_connection_mode
 .bss.keyboard_operation_mode
                0x00000000200003a5        0x1 build/keyInterface.o
                0x00000000200003a5                keyboard_operation_mode
 *fill*         0x00000000200003a6        0x2 
 .bss.pressed_startTick
                0x00000000200003a8       0x40 build/keyInterface.o
                0x00000000200003a8                pressed_startTick
 .bss.prev_btn_state
                0x00000000200003e8       0x10 build/keyInterface.o
                0x00000000200003e8                prev_btn_state
 .bss.counter.9665
                0x00000000200003f8        0x4 build/RGB.o
 .bss.datasentflag
                0x00000000200003fc        0x1 build/RGB.o
                0x00000000200003fc                datasentflag
 *fill*         0x00000000200003fd        0x3 
 .bss.prev_vol_counter
                0x0000000020000400        0x4 build/volume.o
                0x0000000020000400                prev_vol_counter
 .bss.vol_counter
                0x0000000020000404        0x4 build/volume.o
                0x0000000020000404                vol_counter
 .bss.current_page
                0x0000000020000408        0x1 build/finger_page.o
                0x0000000020000408                current_page
 .bss.fingerprint_mode
                0x0000000020000409        0x1 build/finger_page.o
                0x0000000020000409                fingerprint_mode
 .bss.page_mode
                0x000000002000040a        0x1 build/finger_page.o
                0x000000002000040a                page_mode
 *fill*         0x000000002000040b        0x1 
 .bss.temp.8261
                0x000000002000040c       0x1e build/led_mode_page.o
 *fill*         0x000000002000042a        0x2 
 .bss.current_led
                0x000000002000042c        0x4 build/led_page.o
                0x000000002000042c                current_led
 .bss.current_selection
                0x0000000020000430        0x4 build/led_page.o
                0x0000000020000430                current_selection
 .bss.led_init_value
                0x0000000020000434        0x1 build/led_page.o
                0x0000000020000434                led_init_value
 *fill*         0x0000000020000435        0x3 
 .bss.current_macro
                0x0000000020000438        0x4 build/marco_page.o
                0x0000000020000438                current_macro
 .bss.current_macro_page
                0x000000002000043c        0x1 build/marco_page.o
                0x000000002000043c                current_macro_page
 .bss.init      0x000000002000043d        0x1 build/marco_page.o
                0x000000002000043d                init
 *fill*         0x000000002000043e        0x2 
 .bss.macro_head
                0x0000000020000440        0x4 build/marco_page.o
                0x0000000020000440                macro_head
 .bss.macro_iter
                0x0000000020000444        0x4 build/marco_page.o
                0x0000000020000444                macro_iter
 .bss.currentPage
                0x0000000020000448        0x4 build/oled_manager.o
                0x0000000020000448                currentPage
 .bss.SSD1306   0x000000002000044c        0x6 build/ssd1306.o
 *fill*         0x0000000020000452        0x2 
 .bss.SSD1306_Buffer
                0x0000000020000454      0x400 build/ssd1306.o
 .bss.temp.7842
                0x0000000020000854       0x1e build/status_page.o
 *fill*         0x0000000020000872        0x2 
 .bss.mem.8705  0x0000000020000874       0x14 build/usbd_conf.o
 .bss.pxCurrentTCB
                0x0000000020000888        0x4 build/tasks.o
                0x0000000020000888                pxCurrentTCB
 .bss.pxDelayedTaskList
                0x000000002000088c        0x4 build/tasks.o
 .bss.pxOverflowDelayedTaskList
                0x0000000020000890        0x4 build/tasks.o
 .bss.pxReadyTasksLists
                0x0000000020000894       0x8c build/tasks.o
 .bss.uxCurrentNumberOfTasks
                0x0000000020000920        0x4 build/tasks.o
 .bss.uxDeletedTasksWaitingCleanUp
                0x0000000020000924        0x4 build/tasks.o
 .bss.uxPendedTicks
                0x0000000020000928        0x4 build/tasks.o
 .bss.uxSchedulerSuspended
                0x000000002000092c        0x4 build/tasks.o
 .bss.uxTaskNumber
                0x0000000020000930        0x4 build/tasks.o
 .bss.uxTopReadyPriority
                0x0000000020000934        0x4 build/tasks.o
 .bss.xDelayedTaskList1
                0x0000000020000938       0x14 build/tasks.o
 .bss.xDelayedTaskList2
                0x000000002000094c       0x14 build/tasks.o
 .bss.xIdleTaskHandle
                0x0000000020000960        0x4 build/tasks.o
 .bss.xNextTaskUnblockTime
                0x0000000020000964        0x4 build/tasks.o
 .bss.xNumOfOverflows
                0x0000000020000968        0x4 build/tasks.o
 .bss.xPendingReadyList
                0x000000002000096c       0x14 build/tasks.o
 .bss.xSchedulerRunning
                0x0000000020000980        0x4 build/tasks.o
 .bss.xSuspendedTaskList
                0x0000000020000984       0x14 build/tasks.o
 .bss.xTasksWaitingTermination
                0x0000000020000998       0x14 build/tasks.o
 .bss.xTickCount
                0x00000000200009ac        0x4 build/tasks.o
 .bss.xYieldPending
                0x00000000200009b0        0x4 build/tasks.o
 .bss.pxEnd     0x00000000200009b4        0x4 build/heap_4.o
 .bss.ucHeap    0x00000000200009b8      0xc00 build/heap_4.o
 .bss.xBlockAllocatedBit
                0x00000000200015b8        0x4 build/heap_4.o
 .bss.xFreeBytesRemaining
                0x00000000200015bc        0x4 build/heap_4.o
 .bss.xMinimumEverFreeBytesRemaining
                0x00000000200015c0        0x4 build/heap_4.o
 .bss.xStart    0x00000000200015c4        0x8 build/heap_4.o
 .bss.ucMaxSysCallPriority
                0x00000000200015cc        0x1 build/port.o
 *fill*         0x00000000200015cd        0x3 
 .bss.ulMaxPRIGROUPValue
                0x00000000200015d0        0x4 build/port.o
 .bss.cfgidx.8650
                0x00000000200015d4        0x1 build/usbd_ctlreq.o
 *(COMMON)
 *fill*         0x00000000200015d5        0x3 
 COMMON         0x00000000200015d8      0x1d4 build/main.o
                0x00000000200015d8                hdma_tim1_ch1
                0x000000002000161c                hi2c1
                0x0000000020001670                hadc1
                0x00000000200016a0                huart1
                0x00000000200016e0                htim1
                0x0000000020001720                huart4
                0x0000000020001760                htim2
                0x00000000200017a0                debugTask02Handle
                0x00000000200017a4                KeyTaskHandle
                0x00000000200017a8                RGBTaskHandle
 *fill*         0x00000000200017ac        0x4 
 COMMON         0x00000000200017b0       0x58 build/fingerprint.o
                0x00000000200017b0                rpacket
 COMMON         0x0000000020001808       0x10 build/keyInterface.o
                0x0000000020001808                keyboardStct
 COMMON         0x0000000020001818      0x718 build/RGB.o
                0x0000000020001818                ws2812
 COMMON         0x0000000020001f30       0x40 build/stm32f1xx_hal_timebase_tim.o
                0x0000000020001f30                htim6
 COMMON         0x0000000020001f70        0x8 build/marco_page.o
                0x0000000020001f70                combination
 COMMON         0x0000000020001f78      0x224 build/usb_device.o
                0x0000000020001f78                hUsbDeviceFS
 COMMON         0x000000002000219c      0x200 build/usbd_desc.o
                0x000000002000219c                USBD_StrDesc
 COMMON         0x000000002000239c      0x460 build/usbd_conf.o
                0x000000002000239c                hpcd_USB_FS
 COMMON         0x00000000200027fc        0x4 build/stm32f1xx_hal.o
                0x00000000200027fc                uwTick
 COMMON         0x0000000020002800       0x20 build/stm32f1xx_hal_flash.o
                0x0000000020002800                pFlash
 COMMON         0x0000000020002820        0x4 /usr/lib/gcc/arm-none-eabi/9.2.1/../../../arm-none-eabi/lib/thumb/v7-m/nofp/libc_nano.a(lib_a-reent.o)
                0x0000000020002820                errno
                0x0000000020002824                . = ALIGN (0x4)
                0x0000000020002824                _ebss = .
                0x0000000020002824                __bss_end__ = _ebss

._user_heap_stack
                0x0000000020002824      0x604 load address 0x000000000800b0cc
                0x0000000020002828                . = ALIGN (0x8)
 *fill*         0x0000000020002824        0x4 
                0x0000000020002828                PROVIDE (end = .)
                [!provide]                        PROVIDE (_end = .)
                0x0000000020002a28                . = (. + _Min_Heap_Size)
 *fill*         0x0000000020002828      0x200 
                0x0000000020002e28                . = (. + _Min_Stack_Size)
 *fill*         0x0000000020002a28      0x400 
                0x0000000020002e28                . = ALIGN (0x8)

/DISCARD/
 libc.a(*)
 libm.a(*)
 libgcc.a(*)

.ARM.attributes
                0x0000000000000000       0x29
 *(.ARM.attributes)
 .ARM.attributes
                0x0000000000000000       0x1d /usr/lib/gcc/arm-none-eabi/9.2.1/thumb/v7-m/nofp/crti.o
 .ARM.attributes
                0x000000000000001d       0x2d /usr/lib/gcc/arm-none-eabi/9.2.1/thumb/v7-m/nofp/crtbegin.o
 .ARM.attributes
                0x000000000000004a       0x2d build/main.o
 .ARM.attributes
                0x0000000000000077       0x2d build/fingerprint.o
 .ARM.attributes
                0x00000000000000a4       0x2d build/flash.o
 .ARM.attributes
                0x00000000000000d1       0x2d build/keyInterface.o
 .ARM.attributes
                0x00000000000000fe       0x2d build/linked_list.o
 .ARM.attributes
                0x000000000000012b       0x2d build/RGB.o
 .ARM.attributes
                0x0000000000000158       0x2d build/volume.o
 .ARM.attributes
                0x0000000000000185       0x2d build/stm32f1xx_it.o
 .ARM.attributes
                0x00000000000001b2       0x2d build/stm32f1xx_hal_msp.o
 .ARM.attributes
                0x00000000000001df       0x2d build/stm32f1xx_hal_timebase_tim.o
 .ARM.attributes
                0x000000000000020c       0x2d build/finger_page.o
 .ARM.attributes
                0x0000000000000239       0x2d build/led_mode_page.o
 .ARM.attributes
                0x0000000000000266       0x2d build/led_page.o
 .ARM.attributes
                0x0000000000000293       0x2d build/marco_page.o
 .ARM.attributes
                0x00000000000002c0       0x2d build/oled_manager.o
 .ARM.attributes
                0x00000000000002ed       0x33 build/ssd1306_fonts.o
 .ARM.attributes
                0x0000000000000320       0x2d build/ssd1306.o
 .ARM.attributes
                0x000000000000034d       0x2d build/status_page.o
 .ARM.attributes
                0x000000000000037a       0x2d build/usb_device.o
 .ARM.attributes
                0x00000000000003a7       0x2d build/usbd_desc.o
 .ARM.attributes
                0x00000000000003d4       0x2d build/usbd_conf.o
 .ARM.attributes
                0x0000000000000401       0x2d build/stm32f1xx_hal_pcd.o
 .ARM.attributes
                0x000000000000042e       0x2d build/stm32f1xx_hal_pcd_ex.o
 .ARM.attributes
                0x000000000000045b       0x2d build/stm32f1xx_ll_usb.o
 .ARM.attributes
                0x0000000000000488       0x2d build/stm32f1xx_hal.o
 .ARM.attributes
                0x00000000000004b5       0x2d build/stm32f1xx_hal_rcc.o
 .ARM.attributes
                0x00000000000004e2       0x2d build/stm32f1xx_hal_rcc_ex.o
 .ARM.attributes
                0x000000000000050f       0x2d build/stm32f1xx_hal_gpio.o
 .ARM.attributes
                0x000000000000053c       0x2d build/stm32f1xx_hal_dma.o
 .ARM.attributes
                0x0000000000000569       0x2d build/stm32f1xx_hal_cortex.o
 .ARM.attributes
                0x0000000000000596       0x2d build/stm32f1xx_hal_flash.o
 .ARM.attributes
                0x00000000000005c3       0x2d build/stm32f1xx_hal_flash_ex.o
 .ARM.attributes
                0x00000000000005f0       0x2d build/stm32f1xx_hal_adc.o
 .ARM.attributes
                0x000000000000061d       0x2d build/stm32f1xx_hal_adc_ex.o
 .ARM.attributes
                0x000000000000064a       0x2d build/stm32f1xx_hal_i2c.o
 .ARM.attributes
                0x0000000000000677       0x2d build/stm32f1xx_hal_tim.o
 .ARM.attributes
                0x00000000000006a4       0x2d build/stm32f1xx_hal_tim_ex.o
 .ARM.attributes
                0x00000000000006d1       0x2d build/stm32f1xx_hal_uart.o
 .ARM.attributes
                0x00000000000006fe       0x2d build/system_stm32f1xx.o
 .ARM.attributes
                0x000000000000072b       0x2d build/list.o
 .ARM.attributes
                0x0000000000000758       0x2d build/tasks.o
 .ARM.attributes
                0x0000000000000785       0x2d build/cmsis_os.o
 .ARM.attributes
                0x00000000000007b2       0x2d build/heap_4.o
 .ARM.attributes
                0x00000000000007df       0x2d build/port.o
 .ARM.attributes
                0x000000000000080c       0x2d build/usbd_core.o
 .ARM.attributes
                0x0000000000000839       0x2d build/usbd_ctlreq.o
 .ARM.attributes
                0x0000000000000866       0x2d build/usbd_ioreq.o
 .ARM.attributes
                0x0000000000000893       0x2d build/usbd_hid.o
 .ARM.attributes
                0x00000000000008c0       0x21 build/startup_stm32f103xe.o
 .ARM.attributes
                0x00000000000008e1       0x2d /usr/lib/gcc/arm-none-eabi/9.2.1/../../../arm-none-eabi/lib/thumb/v7-m/nofp/libc_nano.a(lib_a-impure.o)
 .ARM.attributes
                0x000000000000090e       0x2d /usr/lib/gcc/arm-none-eabi/9.2.1/../../../arm-none-eabi/lib/thumb/v7-m/nofp/libc_nano.a(lib_a-init.o)
 .ARM.attributes
                0x000000000000093b       0x2d /usr/lib/gcc/arm-none-eabi/9.2.1/../../../arm-none-eabi/lib/thumb/v7-m/nofp/libc_nano.a(lib_a-malloc.o)
 .ARM.attributes
                0x0000000000000968       0x1b /usr/lib/gcc/arm-none-eabi/9.2.1/../../../arm-none-eabi/lib/thumb/v7-m/nofp/libc_nano.a(lib_a-memcpy.o)
 .ARM.attributes
                0x0000000000000983       0x2d /usr/lib/gcc/arm-none-eabi/9.2.1/../../../arm-none-eabi/lib/thumb/v7-m/nofp/libc_nano.a(lib_a-memmove.o)
 .ARM.attributes
                0x00000000000009b0       0x2d /usr/lib/gcc/arm-none-eabi/9.2.1/../../../arm-none-eabi/lib/thumb/v7-m/nofp/libc_nano.a(lib_a-memset.o)
 .ARM.attributes
                0x00000000000009dd       0x2d /usr/lib/gcc/arm-none-eabi/9.2.1/../../../arm-none-eabi/lib/thumb/v7-m/nofp/libc_nano.a(lib_a-nano-freer.o)
 .ARM.attributes
                0x0000000000000a0a       0x2d /usr/lib/gcc/arm-none-eabi/9.2.1/../../../arm-none-eabi/lib/thumb/v7-m/nofp/libc_nano.a(lib_a-nano-mallocr.o)
 .ARM.attributes
                0x0000000000000a37       0x2d /usr/lib/gcc/arm-none-eabi/9.2.1/../../../arm-none-eabi/lib/thumb/v7-m/nofp/libc_nano.a(lib_a-sbrkr.o)
 .ARM.attributes
                0x0000000000000a64       0x2d /usr/lib/gcc/arm-none-eabi/9.2.1/../../../arm-none-eabi/lib/thumb/v7-m/nofp/libc_nano.a(lib_a-snprintf.o)
 .ARM.attributes
                0x0000000000000a91       0x2d /usr/lib/gcc/arm-none-eabi/9.2.1/../../../arm-none-eabi/lib/thumb/v7-m/nofp/libc_nano.a(lib_a-strlen-stub.o)
 .ARM.attributes
                0x0000000000000abe       0x2d /usr/lib/gcc/arm-none-eabi/9.2.1/../../../arm-none-eabi/lib/thumb/v7-m/nofp/libc_nano.a(lib_a-mlock.o)
 .ARM.attributes
                0x0000000000000aeb       0x2d /usr/lib/gcc/arm-none-eabi/9.2.1/../../../arm-none-eabi/lib/thumb/v7-m/nofp/libc_nano.a(lib_a-nano-svfprintf.o)
 .ARM.attributes
                0x0000000000000b18       0x2d /usr/lib/gcc/arm-none-eabi/9.2.1/../../../arm-none-eabi/lib/thumb/v7-m/nofp/libc_nano.a(lib_a-nano-vfprintf_i.o)
 .ARM.attributes
                0x0000000000000b45       0x2d /usr/lib/gcc/arm-none-eabi/9.2.1/../../../arm-none-eabi/lib/thumb/v7-m/nofp/libc_nano.a(lib_a-reent.o)
 .ARM.attributes
                0x0000000000000b72       0x2d /usr/lib/gcc/arm-none-eabi/9.2.1/../../../arm-none-eabi/lib/thumb/v7-m/nofp/libc_nano.a(lib_a-memchr-stub.o)
 .ARM.attributes